 zlibwapi

 Timestamp is 5c2d3e1d (Wed Jan  2 19:41:33 2019)

 Preferred load address is 10000000

 Start         Length     Name                   Class
 0001:00000000 0005251dH .text$mn                CODE
 0001:0005251d 0000008eH .text$x                 CODE
 0002:00000000 00000150H .idata$5                DATA
 0002:00000150 00000004H .00cfg                  DATA
 0002:00000154 00000004H .CRT$XCA                DATA
 0002:00000158 00000004H .CRT$XCZ                DATA
 0002:0000015c 00000004H .CRT$XIA                DATA
 0002:00000160 0000000cH .CRT$XIC                DATA
 0002:0000016c 00000004H .CRT$XIZ                DATA
 0002:00000170 00000004H .CRT$XPA                DATA
 0002:00000174 00000008H .CRT$XPX                DATA
 0002:0000017c 00000004H .CRT$XPXA               DATA
 0002:00000180 00000004H .CRT$XPZ                DATA
 0002:00000184 00000004H .CRT$XTA                DATA
 0002:00000188 00000008H .CRT$XTZ                DATA
 0002:0000018c 00000000H .gfids$y                DATA
 0002:00000190 0000b6e0H .rdata                  DATA
 0002:0000b870 000002a0H .rdata$r                DATA
 0002:0000bb10 00000314H .rdata$zzzdbg           DATA
 0002:0000be24 00000004H .rtc$IAA                DATA
 0002:0000be28 00000004H .rtc$IZZ                DATA
 0002:0000be2c 00000004H .rtc$TAA                DATA
 0002:0000be30 00000008H .rtc$TZZ                DATA
 0002:0000be38 00000a98H .xdata$x                DATA
 0002:0000c8d0 00000cfcH .edata                  DATA
 0002:0000d5cc 00000014H .idata$2                DATA
 0002:0000d5e0 00000014H .idata$3                DATA
 0002:0000d5f4 00000150H .idata$4                DATA
 0002:0000d744 00000616H .idata$6                DATA
 0003:00000000 000008c0H .data                   DATA
 0003:000008c0 00000110H .data$r                 DATA
 0003:000009d0 000012c8H .bss                    DATA
 0004:00000000 00000060H .rsrc$01                DATA
 0004:00000060 00000338H .rsrc$02                DATA

  Address         Publics by Value              Rva+Base       Lib:Object

 0000:00000000       ___safe_se_handler_count   00000000     <absolute>
 0000:00000000       ___guard_iat_table         00000000     <absolute>
 0000:00000000       ___hybrid_auxiliary_iat    00000000     <absolute>
 0000:00000000       __except_list              00000000     <absolute>
 0000:00000000       ___enclave_config          00000000     <absolute>
 0000:00000000       ___dynamic_value_reloc_table 00000000     <absolute>
 0000:00000000       ___guard_longjmp_count     00000000     <absolute>
 0000:00000000       ___safe_se_handler_table   00000000     <absolute>
 0000:00000000       ___hybrid_code_map_count   00000000     <absolute>
 0000:00000000       ___volatile_metadata       00000000     <absolute>
 0000:00000000       ___guard_fids_table        00000000     <absolute>
 0000:00000000       ___guard_fids_count        00000000     <absolute>
 0000:00000000       ___guard_longjmp_table     00000000     <absolute>
 0000:00000000       ___guard_iat_count         00000000     <absolute>
 0000:00000000       ___hybrid_code_map         00000000     <absolute>
 0000:00000100       ___guard_flags             00000100     <absolute>
 0000:00000000       ___ImageBase               10000000     <linker-defined>
 0001:00000000       _adler32_z@12              10001000 f   adler32.obj
 0001:00000280       _adler32@12                10001280 f   adler32.obj
 0001:00000360       _adler32_combine@12        10001360 f   adler32.obj
 0001:00000380       _compress2@20              10001380 f   compress.obj
 0001:00000460       _compress@16               10001460 f   compress.obj
 0001:00000480       _compressBound@4           10001480 f   compress.obj
 0001:000004a0       _get_crc_table@0           100014a0 f   crc32.obj
 0001:000004b0       _crc32_z@12                100014b0 f   crc32.obj
 0001:000004e0       _crc32@12                  100014e0 f   crc32.obj
 0001:00000bb0       _crc32_combine@12          10001bb0 f   crc32.obj
 0001:00000c40       _deflateInit_@16           10001c40 f   deflate.obj
 0001:00000c60       _deflateInit2_@32          10001c60 f   deflate.obj
 0001:00000ef0       _deflateSetDictionary@12   10001ef0 f   deflate.obj
 0001:00001090       _deflateGetDictionary@12   10002090 f   deflate.obj
 0001:000010f0       _deflateResetKeep@4        100020f0 f   deflate.obj
 0001:000011a0       _deflateReset@4            100021a0 f   deflate.obj
 0001:000011d0       _deflateSetHeader@8        100021d0 f   deflate.obj
 0001:00001200       _deflatePending@12         10002200 f   deflate.obj
 0001:00001240       _deflatePrime@12           10002240 f   deflate.obj
 0001:000012e0       _deflateParams@12          100022e0 f   deflate.obj
 0001:00001430       _deflateTune@20            10002430 f   deflate.obj
 0001:00001480       _deflateBound@8            10002480 f   deflate.obj
 0001:000015f0       _deflate@8                 100025f0 f   deflate.obj
 0001:00001eb0       _deflateEnd@4              10002eb0 f   deflate.obj
 0001:00001f60       _deflateCopy@8             10002f60 f   deflate.obj
 0001:00003260       _gzclose@4                 10004260 f   gzclose.obj
 0001:00003290       ___local_stdio_printf_options 10004290 f i gzlib.obj
 0001:000032a0       _vsnprintf                 100042a0 f i gzlib.obj
 0001:000032e0       _snprintf                  100042e0 f i gzlib.obj
 0001:00003690       _gzopen@8                  10004690 f   gzlib.obj
 0001:000036b0       _gzdopen@8                 100046b0 f   gzlib.obj
 0001:00003710       _gzopen_w@8                10004710 f   gzlib.obj
 0001:00003730       _gzbuffer@8                10004730 f   gzlib.obj
 0001:00003780       _gzrewind@4                10004780 f   gzlib.obj
 0001:000037e0       _gzseek64@16               100047e0 f   gzlib.obj
 0001:00003970       _gzseek@12                 10004970 f   gzlib.obj
 0001:000039b0       _gztell64@4                100049b0 f   gzlib.obj
 0001:00003a10       _gztell@4                  10004a10 f   gzlib.obj
 0001:00003a40       _gzoffset64@4              10004a40 f   gzlib.obj
 0001:00003a90       _gzoffset@4                10004a90 f   gzlib.obj
 0001:00003ac0       _gzeof@4                   10004ac0 f   gzlib.obj
 0001:00003af0       _gzerror@8                 10004af0 f   gzlib.obj
 0001:00003b40       _gzclearerr@4              10004b40 f   gzlib.obj
 0001:00003b90       _gz_error                  10004b90 f   gzlib.obj
 0001:00004260       _gzread@12                 10005260 f   gzread.obj
 0001:000042d0       _gzfread@16                100052d0 f   gzread.obj
 0001:00004350       _gzgetc@4                  10005350 f   gzread.obj
 0001:000043c0       _gzgetc_@4                 100053c0 f   gzread.obj
 0001:000043d0       _gzungetc@8                100053d0 f   gzread.obj
 0001:000044d0       _gzgets@12                 100054d0 f   gzread.obj
 0001:00004600       _gzdirect@4                10005600 f   gzread.obj
 0001:00004640       _gzclose_r@4               10005640 f   gzread.obj
 0001:00004ab0       _gzwrite@12                10005ab0 f   gzwrite.obj
 0001:00004b00       _gzfwrite@16               10005b00 f   gzwrite.obj
 0001:00004b70       _gzputc@8                  10005b70 f   gzwrite.obj
 0001:00004c40       _gzputs@8                  10005c40 f   gzwrite.obj
 0001:00004c90       _gzvprintf                 10005c90 f   gzwrite.obj
 0001:00004dc0       _gzprintf                  10005dc0 f   gzwrite.obj
 0001:00004de0       _gzflush@8                 10005de0 f   gzwrite.obj
 0001:00004e50       _gzsetparams@12            10005e50 f   gzwrite.obj
 0001:00004f10       _gzclose_w@4               10005f10 f   gzwrite.obj
 0001:00004fe0       _inflateBackInit_@20       10005fe0 f   infback.obj
 0001:000050e0       _inflateBack@20            100060e0 f   infback.obj
 0001:00005ee0       _inflateBackEnd@4          10006ee0 f   infback.obj
 0001:00005f60       _inflateResetKeep@4        10006f60 f   inflate.obj
 0001:00006000       _inflateReset@4            10007000 f   inflate.obj
 0001:00006040       _inflateReset2@8           10007040 f   inflate.obj
 0001:000060d0       _inflateInit2_@16          100070d0 f   inflate.obj
 0001:000061a0       _inflateInit_@12           100071a0 f   inflate.obj
 0001:000061c0       _inflatePrime@12           100071c0 f   inflate.obj
 0001:00006350       _inflate@8                 10007350 f   inflate.obj
 0001:00007b20       _inflateEnd@4              10008b20 f   inflate.obj
 0001:00007b70       _inflateGetDictionary@12   10008b70 f   inflate.obj
 0001:00007be0       _inflateSetDictionary@12   10008be0 f   inflate.obj
 0001:00007c80       _inflateGetHeader@8        10008c80 f   inflate.obj
 0001:00007d40       _inflateSync@4             10008d40 f   inflate.obj
 0001:00007e30       _inflateSyncPoint@4        10008e30 f   inflate.obj
 0001:00007e70       _inflateCopy@8             10008e70 f   inflate.obj
 0001:00007fc0       _inflateUndermine@8        10008fc0 f   inflate.obj
 0001:00007ff0       _inflateValidate@8         10008ff0 f   inflate.obj
 0001:00008030       _inflateMark@4             10009030 f   inflate.obj
 0001:000080a0       _inflateCodesUsed@4        100090a0 f   inflate.obj
 0001:000080d0       _inflate_table             100090d0 f   inftrees.obj
 0001:000084e0       _call_zopen64              100094e0 f   ioapi.obj
 0001:00008500       _call_zseek64              10009500 f   ioapi.obj
 0001:00008550       _call_ztell64              10009550 f   ioapi.obj
 0001:00008580       _fill_zlib_filefunc64_32_def_from_filefunc32 10009580 f   ioapi.obj
 0001:00008790       _fill_fopen64_filefunc     10009790 f   ioapi.obj
 0001:00008880       _win32_open64_file_func    10009880 f   iowin32.obj
 0001:000088e0       _win32_open64_file_funcA   100098e0 f   iowin32.obj
 0001:00008940       _win32_open64_file_funcW   10009940 f   iowin32.obj
 0001:000089a0       _win32_open_file_func      100099a0 f   iowin32.obj
 0001:00008a00       _win32_read_file_func      10009a00 f   iowin32.obj
 0001:00008a50       _win32_write_file_func     10009a50 f   iowin32.obj
 0001:00008b00       _win32_tell_file_func      10009b00 f   iowin32.obj
 0001:00008b50       _win32_tell64_file_func    10009b50 f   iowin32.obj
 0001:00008bb0       _win32_seek_file_func      10009bb0 f   iowin32.obj
 0001:00008c20       _win32_seek64_file_func    10009c20 f   iowin32.obj
 0001:00008ca0       _win32_close_file_func     10009ca0 f   iowin32.obj
 0001:00008ce0       _win32_error_file_func     10009ce0 f   iowin32.obj
 0001:00008d00       _fill_win32_filefunc       10009d00 f   iowin32.obj
 0001:00008d40       _fill_win32_filefunc64     10009d40 f   iowin32.obj
 0001:00008d80       _fill_win32_filefunc64A    10009d80 f   iowin32.obj
 0001:00008dc0       _fill_win32_filefunc64W    10009dc0 f   iowin32.obj
 0001:00008e10       __tr_init                  10009e10 f   trees.obj
 0001:00009de0       __tr_stored_block          1000ade0 f   trees.obj
 0001:00009ee0       __tr_flush_bits            1000aee0 f   trees.obj
 0001:00009ef0       __tr_align                 1000aef0 f   trees.obj
 0001:00009fd0       __tr_flush_block           1000afd0 f   trees.obj
 0001:0000a790       _uncompress2@16            1000b790 f   uncompr.obj
 0001:0000a8c0       _uncompress@16             1000b8c0 f   uncompr.obj
 0001:0000ac40       _unzStringFileNameCompare@12 1000bc40 f   unzip.obj
 0001:0000b500       _unzOpen2@8                1000c500 f   unzip.obj
 0001:0000b550       _unzOpen2_64@8             1000c550 f   unzip.obj
 0001:0000b5b0       _unzOpen@4                 1000c5b0 f   unzip.obj
 0001:0000b5d0       _unzOpen64@4               1000c5d0 f   unzip.obj
 0001:0000b5f0       _unzClose@4                1000c5f0 f   unzip.obj
 0001:0000b630       _unzGetGlobalInfo64@8      1000c630 f   unzip.obj
 0001:0000b660       _unzGetGlobalInfo@8        1000c660 f   unzip.obj
 0001:0000bcc0       _unzGetCurrentFileInfo64@32 1000ccc0 f   unzip.obj
 0001:0000bcf0       _unzGetCurrentFileInfo@32  1000ccf0 f   unzip.obj
 0001:0000bdb0       _unzGoToFirstFile@4        1000cdb0 f   unzip.obj
 0001:0000be20       _unzGoToNextFile@4         1000ce20 f   unzip.obj
 0001:0000bed0       _unzLocateFile@12          1000ced0 f   unzip.obj
 0001:0000c080       _unzGetFilePos64@8         1000d080 f   unzip.obj
 0001:0000c0d0       _unzGetFilePos@8           1000d0d0 f   unzip.obj
 0001:0000c100       _unzGoToFilePos64@8        1000d100 f   unzip.obj
 0001:0000c170       _unzGoToFilePos@8          1000d170 f   unzip.obj
 0001:0000c410       _unzOpenCurrentFile3@20    1000d410 f   unzip.obj
 0001:0000c690       _unzOpenCurrentFile@4      1000d690 f   unzip.obj
 0001:0000c6b0       _unzOpenCurrentFilePassword@8 1000d6b0 f   unzip.obj
 0001:0000c6d0       _unzOpenCurrentFile2@16    1000d6d0 f   unzip.obj
 0001:0000c6f0       _unzGetCurrentFileZStreamPos64@4 1000d6f0 f   unzip.obj
 0001:0000c730       _unzReadCurrentFile@12     1000d730 f   unzip.obj
 0001:0000ca10       _unztell@4                 1000da10 f   unzip.obj
 0001:0000ca40       _unztell64@4               1000da40 f   unzip.obj
 0001:0000ca70       _unzeof@4                  1000da70 f   unzip.obj
 0001:0000cab0       _unzGetLocalExtrafield@12  1000dab0 f   unzip.obj
 0001:0000cb80       _unzCloseCurrentFile@4     1000db80 f   unzip.obj
 0001:0000cc10       _unzGetGlobalComment@12    1000dc10 f   unzip.obj
 0001:0000d840       _LoadCentralDirectoryRecord 1000e840 f   zip.obj
 0001:0000dd00       _zipOpen3@16               1000ed00 f   zip.obj
 0001:0000de70       _zipOpen2@16               1000ee70 f   zip.obj
 0001:0000dec0       _zipOpen2_64@16            1000eec0 f   zip.obj
 0001:0000df20       _zipOpen@8                 1000ef20 f   zip.obj
 0001:0000df40       _zipOpen64@8               1000ef40 f   zip.obj
 0001:0000df60       _Write_LocalFileHeader     1000ef60 f   zip.obj
 0001:0000e1a0       _zipOpenNewFileInZip4_64@76 1000f1a0 f   zip.obj
 0001:0000e6d0       _zipOpenNewFileInZip3@64   1000f6d0 f   zip.obj
 0001:0000e720       _zipOpenNewFileInZip3_64@68 1000f720 f   zip.obj
 0001:0000e770       _zipOpenNewFileInZip2@44   1000f770 f   zip.obj
 0001:0000e7b0       _zipOpenNewFileInZip2_64@48 1000f7b0 f   zip.obj
 0001:0000e7f0       _zipOpenNewFileInZip64@44  1000f7f0 f   zip.obj
 0001:0000e830       _zipOpenNewFileInZip@40    1000f830 f   zip.obj
 0001:0000e930       _zipWriteInFileInZip@12    1000f930 f   zip.obj
 0001:0000ea50       _zipCloseFileInZipRaw@12   1000fa50 f   zip.obj
 0001:0000ea70       _zipCloseFileInZipRaw64@16 1000fa70 f   zip.obj
 0001:0000ef70       _zipCloseFileInZip@4       1000ff70 f   zip.obj
 0001:0000ef90       _Write_Zip64EndOfCentralDirectoryLocator 1000ff90 f   zip.obj
 0001:0000f010       _Write_Zip64EndOfCentralDirectoryRecord 10010010 f   zip.obj
 0001:0000f130       _Write_EndOfCentralDirectoryRecord 10010130 f   zip.obj
 0001:0000f260       _Write_GlobalComment       10010260 f   zip.obj
 0001:0000f2d0       _zipClose@8                100102d0 f   zip.obj
 0001:0000f460       _zlibVersion@0             10010460 f   zutil.obj
 0001:0000f470       _zlibCompileFlags@0        10010470 f   zutil.obj
 0001:0000f480       _zError@4                  10010480 f   zutil.obj
 0001:0000f4a0       _zcalloc                   100104a0 f   zutil.obj
 0001:0000f4c0       _zcfree                    100104c0 f   zutil.obj
 0001:0000f4d0       _longest_match             100104d0 f   match686.obj
 0001:0000f6b4       _match_init                100106b4 f   match686.obj
 0001:0000f7c0       _inflate_fast              100107c0 f   inffas32.obj
 0001:0000fe53       _ReadFile@20               10010e53 f   kernel32:KERNEL32.dll
 0001:0000fe59       _WriteFile@20              10010e59 f   kernel32:KERNEL32.dll
 0001:0000fe5f       _SetFilePointer@16         10010e5f f   kernel32:KERNEL32.dll
 0001:0000fe65       _CreateFileW@28            10010e65 f   kernel32:KERNEL32.dll
 0001:0000fe6b       _GetLastError@0            10010e6b f   kernel32:KERNEL32.dll
 0001:0000fe71       _CreateFileA@28            10010e71 f   kernel32:KERNEL32.dll
 0001:0000fe77       _CloseHandle@4             10010e77 f   kernel32:KERNEL32.dll
 0001:0001019d       __CRT_INIT@12              1001119d f   LIBCMT:dll_dllmain.obj
 0001:000101a6       __DllMainCRTStartup@12     100111a6 f   LIBCMT:dll_dllmain.obj
 0001:00010216       ___security_init_cookie    10011216 f   LIBCMT:gs_support.obj
 0001:00010261       _DllMain@12                10011261 f   LIBCMT:dll_dllmain_stub.obj
 0001:00010267       ?__scrt_initialize_type_info@@YAXXZ 10011267 f   LIBCMT:tncleanup.obj
 0001:00010273       ?__scrt_uninitialize_type_info@@YAXXZ 10011273 f   LIBCMT:tncleanup.obj
 0001:0001027f       ___local_stdio_scanf_options 1001127f f i LIBCMT:default_local_stdio_options.obj
 0001:00010285       ___scrt_initialize_default_local_stdio_options 10011285 f   LIBCMT:default_local_stdio_options.obj
 0001:000102a2       ??$__crt_fast_decode_pointer@PAP6AXXZ@@YAPAP6AXXZQAP6AXXZ@Z 100112a2 f i LIBCMT:utility.obj
 0001:000102b6       ??$__crt_fast_encode_pointer@PAP6AXXZ@@YAPAP6AXXZQAP6AXXZ@Z 100112b6 f i LIBCMT:utility.obj
 0001:000102d3       ?__crt_rotate_pointer_value@@YAIIH@Z 100112d3 f i LIBCMT:utility.obj
 0001:000102e0       ?configure_argv@__scrt_narrow_argv_policy@@SAHXZ 100112e0 f i LIBCMT:utility.obj
 0001:00010331       ?initialize_environment@__scrt_narrow_environment_policy@@SAHXZ 10011331 f i LIBCMT:utility.obj
 0001:0001036a       _NtCurrentTeb              1001136a f i LIBCMT:utility.obj
 0001:00010371       ___scrt_acquire_startup_lock 10011371 f   LIBCMT:utility.obj
 0001:000103a3       ___scrt_dllmain_after_initialize_c 100113a3 f   LIBCMT:utility.obj
 0001:000103ce       ___scrt_dllmain_before_initialize_c 100113ce f   LIBCMT:utility.obj
 0001:000103dc       ___scrt_dllmain_crt_thread_attach 100113dc f   LIBCMT:utility.obj
 0001:000103fb       ___scrt_dllmain_crt_thread_detach 100113fb f   LIBCMT:utility.obj
 0001:00010408       ___scrt_dllmain_exception_filter 10011408 f   LIBCMT:utility.obj
 0001:0001043c       ___scrt_dllmain_uninitialize_c 1001143c f   LIBCMT:utility.obj
 0001:0001045f       ___scrt_dllmain_uninitialize_critical 1001145f f   LIBCMT:utility.obj
 0001:0001046c       ___scrt_initialize_crt     1001146c f   LIBCMT:utility.obj
 0001:000104a5       ___scrt_initialize_onexit_tables 100114a5 f   LIBCMT:utility.obj
 0001:0001054a       ___scrt_is_nonwritable_in_current_image 1001154a f   LIBCMT:utility.obj
 0001:000105de       ___scrt_release_startup_lock 100115de f   LIBCMT:utility.obj
 0001:000105fb       ___scrt_uninitialize_crt   100115fb f   LIBCMT:utility.obj
 0001:00010623       __onexit                   10011623 f   LIBCMT:utility.obj
 0001:0001065e       _at_quick_exit             1001165e f   LIBCMT:utility.obj
 0001:0001068f       _atexit                    1001168f f   LIBCMT:utility.obj
 0001:000106a4       ___scrt_get_dyn_tls_init_callback 100116a4 f   LIBCMT:dyn_tls_init.obj
 0001:000106aa       ___scrt_fastfail           100116aa f   LIBCMT:utility_desktop.obj
 0001:000107c4       ___scrt_get_show_window_mode 100117c4 f   LIBCMT:utility_desktop.obj
 0001:000107f5       ___scrt_initialize_mta     100117f5 f   LIBCMT:utility_desktop.obj
 0001:000107fa       ___scrt_initialize_winrt   100117fa f   LIBCMT:utility_desktop.obj
 0001:000107fd       ___scrt_is_managed_app     100117fd f   LIBCMT:utility_desktop.obj
 0001:00010840       ___scrt_set_unhandled_exception_filter 10011840 f   LIBCMT:utility_desktop.obj
 0001:0001084c       ___scrt_stub_for_initialize_mta 1001184c f   LIBCMT:utility_desktop.obj
 0001:0001084c       ___scrt_exe_initialize_mta 1001184c f   LIBCMT:utility_desktop.obj
 0001:0001084f       ___scrt_unhandled_exception_filter@4 1001184f f   LIBCMT:utility_desktop.obj
 0001:00010890       __crt_debugger_hook        10011890 f   LIBCMT:utility_desktop.obj
 0001:00010898       __RTC_Initialize           10011898 f   LIBCMT:initsect.obj
 0001:000108c4       __RTC_Terminate            100118c4 f   LIBCMT:initsect.obj
 0001:000108f0       __SEH_prolog4              100118f0 f   LIBCMT:sehprolg4.obj
 0001:00010936       __SEH_epilog4              10011936 f   LIBCMT:sehprolg4.obj
 0001:0001094b       @_guard_check_icall_nop@4  1001194b f i LIBCMT:guard_support.obj
 0001:0001094c       _ReadNoFence               1001194c f i LIBCMT:guard_support.obj
 0001:00010956       _ReadPointerNoFence        10011956 f i LIBCMT:guard_support.obj
 0001:00010960       __guard_icall_checks_enforced 10011960 f i LIBCMT:guard_support.obj
 0001:00010972       ___isa_available_init      10011972 f   LIBCMT:cpu_disp.obj
 0001:00010b09       __get_startup_argv_mode    10011b09 f   LIBCMT:argv_mode.obj
 0001:00010b0d       ___scrt_is_ucrt_dll_in_use 10011b0d f   LIBCMT:ucrt_detection.obj
 0001:00010b19       @__security_check_cookie@4 10011b19 f   LIBCMT:secchk.obj
 0001:00010b2a       ___raise_securityfailure   10011b2a f   LIBCMT:gs_report.obj
 0001:00010b52       ___report_gsfailure        10011b52 f   LIBCMT:gs_report.obj
 0001:00010c4b       ___report_rangecheckfailure 10011c4b f   LIBCMT:gs_report.obj
 0001:00010c57       ___report_securityfailure  10011c57 f   LIBCMT:gs_report.obj
 0001:00010d25       ___report_securityfailureEx 10011d25 f   LIBCMT:gs_report.obj
 0001:00010e80       __except_handler4          10011e80 f   libvcruntime:chandler4.obj
 0001:00010fe5       ??$?RD@__crt_internal_free_policy@@QBEXQBD@Z 10011fe5 f i libvcruntime:std_type_info.obj
 0001:00010ff5       ??$?RX@__crt_internal_free_policy@@QBEXQBX@Z 10011ff5 f i libvcruntime:std_type_info.obj
 0001:00011005       ??$__crt_interlocked_compare_exchange_pointer@$$CBDPAD$$T@@YAPBDPDSBDQAD$$T@Z 10012005 f i libvcruntime:std_type_info.obj
 0001:00011017       ??$__crt_interlocked_read_pointer@$$CBD@@YAPBDPDSBD@Z 10012017 f i libvcruntime:std_type_info.obj
 0001:00011021       ??0?$__crt_unique_heap_ptr@DU__crt_internal_free_policy@@@@QAE@QAD@Z 10012021 f i libvcruntime:std_type_info.obj
 0001:0001102f       ??0?$__crt_unique_heap_ptr@XU__crt_internal_free_policy@@@@QAE@QAX@Z 1001202f f i libvcruntime:std_type_info.obj
 0001:0001103d       ??1?$__crt_unique_heap_ptr@DU__crt_internal_free_policy@@@@QAE@XZ 1001203d f i libvcruntime:std_type_info.obj
 0001:0001104d       ??1?$__crt_unique_heap_ptr@XU__crt_internal_free_policy@@@@QAE@XZ 1001204d f i libvcruntime:std_type_info.obj
 0001:00011069       ??B?$__crt_unique_heap_ptr@DU__crt_internal_free_policy@@@@QBE_NXZ 10012069 f i libvcruntime:std_type_info.obj
 0001:00011070       ??B?$__crt_unique_heap_ptr@XU__crt_internal_free_policy@@@@QBE_NXZ 10012070 f i libvcruntime:std_type_info.obj
 0001:00011097       ?__crt_interlocked_read_32@@YAHPDH@Z 10012097 f i libvcruntime:std_type_info.obj
 0001:000110a1       ?detach@?$__crt_unique_heap_ptr@XU__crt_internal_free_policy@@@@QAEPAXXZ 100120a1 f i libvcruntime:std_type_info.obj
 0001:000110a7       ?get@?$__crt_unique_heap_ptr@DU__crt_internal_free_policy@@@@QBEPADXZ 100120a7 f i libvcruntime:std_type_info.obj
 0001:000110aa       ?get@?$__crt_unique_heap_ptr@XU__crt_internal_free_policy@@@@QBEPAXXZ 100120aa f i libvcruntime:std_type_info.obj
 0001:000110ad       ?is_valid@?$__crt_unique_heap_ptr@DU__crt_internal_free_policy@@@@QBE_NXZ 100120ad f i libvcruntime:std_type_info.obj
 0001:000110b4       ?is_valid@?$__crt_unique_heap_ptr@XU__crt_internal_free_policy@@@@QBE_NXZ 100120b4 f i libvcruntime:std_type_info.obj
 0001:000110bb       ?release@?$__crt_unique_heap_ptr@DU__crt_internal_free_policy@@@@QAEXXZ 100120bb f i libvcruntime:std_type_info.obj
 0001:000110cb       ?release@?$__crt_unique_heap_ptr@XU__crt_internal_free_policy@@@@QAEXXZ 100120cb f i libvcruntime:std_type_info.obj
 0001:000110db       ___std_type_info_compare   100120db f   libvcruntime:std_type_info.obj
 0001:00011117       ___std_type_info_destroy_list 10012117 f   libvcruntime:std_type_info.obj
 0001:0001113a       ___std_type_info_hash      1001213a f   libvcruntime:std_type_info.obj
 0001:00011160       ___std_type_info_name      10012160 f   libvcruntime:std_type_info.obj
 0001:00011223       ___vcrt_initialize         10012223 f   libvcruntime:initialization.obj
 0001:0001124c       ___vcrt_thread_attach      1001224c f   libvcruntime:initialization.obj
 0001:00011257       ___vcrt_thread_detach      10012257 f   libvcruntime:initialization.obj
 0001:00011262       ___vcrt_uninitialize       10012262 f   libvcruntime:initialization.obj
 0001:00011281       ___vcrt_uninitialize_critical 10012281 f   libvcruntime:initialization.obj
 0001:00011290       _memset                    10012290 f   libvcruntime:memset.obj
 0001:000113f0       __local_unwind4            100123f0 f   libvcruntime:exsup4.obj
 0001:000114c8       __seh_longjmp_unwind4@4    100124c8 f   libvcruntime:exsup4.obj
 0001:000114f0       @_EH4_CallFilterFunc@8     100124f0 f   libvcruntime:exsup4.obj
 0001:00011508       @_EH4_TransferToHandler@8  10012508 f   libvcruntime:exsup4.obj
 0001:00011524       @_EH4_GlobalUnwind2@8      10012524 f   libvcruntime:exsup4.obj
 0001:00011540       @_EH4_LocalUnwind@16       10012540 f   libvcruntime:exsup4.obj
 0001:00011562       ___except_validate_context_record 10012562 f   libvcruntime:jbcxrval.obj
 0001:00011592       ___except_validate_jump_buffer 10012592 f   libvcruntime:jbcxrval.obj
 0001:000115bf       ___except_validate_jump_buffer_common 100125bf f i libvcruntime:jbcxrval.obj
 0001:000115f8       ??0Block@_HeapManager@@QAE@XZ 100125f8 f i libvcruntime:undname.obj
 0001:000115fe       ??0DName@@QAE@AAPBDD@Z     100125fe f   libvcruntime:undname.obj
 0001:000116b0       ??0DName@@QAE@ABV0@@Z      100126b0 f i libvcruntime:undname.obj
 0001:000116c6       ??0DName@@QAE@D@Z          100126c6 f   libvcruntime:undname.obj
 0001:000116eb       ??0DName@@QAE@PAV0@@Z      100126eb f   libvcruntime:undname.obj
 0001:00011733       ??0DName@@QAE@PBD@Z        10012733 f   libvcruntime:undname.obj
 0001:00011766       ??0DName@@QAE@W4DNameStatus@@@Z 10012766 f   libvcruntime:undname.obj
 0001:000117a6       ??0DName@@QAE@XZ           100127a6 f i libvcruntime:undname.obj
 0001:000117b0       ??0DName@@QAE@_J@Z         100127b0 f   libvcruntime:undname.obj
 0001:0001183c       ??0DName@@QAE@_K@Z         1001283c f   libvcruntime:undname.obj
 0001:000118a2       ??0DNameNode@@IAE@XZ       100128a2 f i libvcruntime:undname.obj
 0001:000118ab       ??0Replicator@@QAE@XZ      100128ab f i libvcruntime:undname.obj
 0001:000118ba       ??0UnDecorator@@QAE@PBDP6APADJ@ZK@Z 100128ba f i libvcruntime:undname.obj
 0001:00011906       ??0charNode@@QAE@D@Z       10012906 f i libvcruntime:undname.obj
 0001:0001191b       ??0pDNameNode@@QAE@PAVDName@@@Z 1001291b f   libvcruntime:undname.obj
 0001:00011943       ??0pairNode@@QAE@PBVDNameNode@@0@Z 10012943 f i libvcruntime:undname.obj
 0001:00011962       ??0pcharNode@@QAE@PBDH@Z   10012962 f   libvcruntime:undname.obj
 0001:000119c2       ??2@YAPAXIAAV_HeapManager@@H@Z 100129c2 f i libvcruntime:undname.obj
 0001:000119d7       ??4DName@@QAEAAV0@ABV0@@Z  100129d7 f   libvcruntime:undname.obj
 0001:000119ed       ??4DName@@QAEAAV0@D@Z      100129ed f i libvcruntime:undname.obj
 0001:00011a12       ??4DName@@QAEAAV0@PAV0@@Z  10012a12 f   libvcruntime:undname.obj
 0001:00011a54       ??4DName@@QAEAAV0@PBD@Z    10012a54 f   libvcruntime:undname.obj
 0001:00011a7f       ??4DName@@QAEAAV0@W4DNameStatus@@@Z 10012a7f f   libvcruntime:undname.obj
 0001:00011ab1       ??AReplicator@@QBE?AVDName@@H@Z 10012ab1 f   libvcruntime:undname.obj
 0001:00011af7       ??H@YA?AVDName@@DABV0@@Z   10012af7 f i libvcruntime:undname.obj
 0001:00011b19       ??H@YA?AVDName@@PBDABV0@@Z 10012b19 f i libvcruntime:undname.obj
 0001:00011b3b       ??H@YA?AVDName@@W4DNameStatus@@ABV0@@Z 10012b3b f i libvcruntime:undname.obj
 0001:00011b5d       ??HDName@@QBE?AV0@ABV0@@Z  10012b5d f   libvcruntime:undname.obj
 0001:00011b7f       ??HDName@@QBE?AV0@D@Z      10012b7f f   libvcruntime:undname.obj
 0001:00011ba1       ??HDName@@QBE?AV0@PAV0@@Z  10012ba1 f   libvcruntime:undname.obj
 0001:00011bc3       ??HDName@@QBE?AV0@PBD@Z    10012bc3 f   libvcruntime:undname.obj
 0001:00011be5       ??HDName@@QBE?AV0@W4DNameStatus@@@Z 10012be5 f   libvcruntime:undname.obj
 0001:00011c07       ??YDName@@QAEAAV0@ABV0@@Z  10012c07 f   libvcruntime:undname.obj
 0001:00011c48       ??YDName@@QAEAAV0@D@Z      10012c48 f   libvcruntime:undname.obj
 0001:00011c98       ??YDName@@QAEAAV0@PAV0@@Z  10012c98 f   libvcruntime:undname.obj
 0001:00011cfd       ??YDName@@QAEAAV0@PBD@Z    10012cfd f   libvcruntime:undname.obj
 0001:00011d5e       ??YDName@@QAEAAV0@W4DNameStatus@@@Z 10012d5e f   libvcruntime:undname.obj
 0001:00011d9e       ??YReplicator@@QAEAAV0@ABVDName@@@Z 10012d9e f   libvcruntime:undname.obj
 0001:00011de8       ??_5DName@@QAEAAV0@ABV0@@Z 10012de8 f   libvcruntime:undname.obj
 0001:00011e04       ?Constructor@_HeapManager@@QAEXP6APAXI@ZP6AXPAX@Z@Z 10012e04 f i libvcruntime:undname.obj
 0001:00011e21       ?Destructor@_HeapManager@@QAEXXZ 10012e21 f i libvcruntime:undname.obj
 0001:00011e59       ?UScore@UnDecorator@@SAPBDW4Tokens@@@Z 10012e59 f   libvcruntime:undname.obj
 0001:00011e78       ?append@DName@@AAEXPBVDNameNode@@@Z 10012e78 f   libvcruntime:undname.obj
 0001:00011ebe       ?composeDeclaration@UnDecorator@@CA?AVDName@@ABV2@@Z 10012ebe f i libvcruntime:undname.obj
 0001:00012b9b       ?doAccessSpecifiers@UnDecorator@@SAHXZ 10013b9b f i libvcruntime:undname.obj
 0001:00012ba9       ?doAllocationLanguage@UnDecorator@@SAHXZ 10013ba9 f i libvcruntime:undname.obj
 0001:00012bb7       ?doAllocationModel@UnDecorator@@SAHXZ 10013bb7 f i libvcruntime:undname.obj
 0001:00012bc5       ?doEcsu@UnDecorator@@SAHXZ 10013bc5 f i libvcruntime:undname.obj
 0001:00012bd3       ?doEllipsis@UnDecorator@@SAHXZ 10013bd3 f i libvcruntime:undname.obj
 0001:00012be1       ?doFunctionReturns@UnDecorator@@SAHXZ 10013be1 f i libvcruntime:undname.obj
 0001:00012bef       ?doMSKeywords@UnDecorator@@SAHXZ 10013bef f i libvcruntime:undname.obj
 0001:00012bfc       ?doMemberTypes@UnDecorator@@SAHXZ 10013bfc f i libvcruntime:undname.obj
 0001:00012c0a       ?doNameOnly@UnDecorator@@SAHXZ 10013c0a f i libvcruntime:undname.obj
 0001:00012c15       ?doNoIdentCharCheck@UnDecorator@@SAHXZ 10013c15 f i libvcruntime:undname.obj
 0001:00012c20       ?doPchar@DName@@AAEXPBDH@Z 10013c20 f   libvcruntime:undname.obj
 0001:00012ca6       ?doPtr64@UnDecorator@@SAHXZ 10013ca6 f i libvcruntime:undname.obj
 0001:00012cb4       ?doRestrictionSpec@UnDecorator@@SAHXZ 10013cb4 f i libvcruntime:undname.obj
 0001:00012cc2       ?doThisTypes@UnDecorator@@SAHXZ 10013cc2 f i libvcruntime:undname.obj
 0001:00012cd4       ?doThrowTypes@UnDecorator@@SAHXZ 10013cd4 f i libvcruntime:undname.obj
 0001:00012ce2       ?doTypeOnly@UnDecorator@@SAHXZ 10013ce2 f i libvcruntime:undname.obj
 0001:00012ced       ?doUnderScore@UnDecorator@@SAHXZ 10013ced f i libvcruntime:undname.obj
 0001:00012cf8       ?getArgumentList@UnDecorator@@CA?AVDName@@XZ 10013cf8 f   libvcruntime:undname.obj
 0001:00012dee       ?getArgumentTypes@UnDecorator@@CA?AVDName@@XZ 10013dee f   libvcruntime:undname.obj
 0001:00012eb8       ?getArrayType@UnDecorator@@CA?AVDName@@ABV2@@Z 10013eb8 f i libvcruntime:undname.obj
 0001:00013069       ?getBasedType@UnDecorator@@CA?AVDName@@XZ 10014069 f   libvcruntime:undname.obj
 0001:00013101       ?getBasicDataType@UnDecorator@@CA?AVDName@@ABV2@@Z 10014101 f   libvcruntime:undname.obj
 0001:000134e0       ?getCHPEName@UnDecorator@@QAEPADPADH@Z 100144e0 f i libvcruntime:undname.obj
 0001:000135bf       ?getCallIndex@UnDecorator@@CA?AVDName@@XZ 100145bf f i libvcruntime:undname.obj
 0001:000135d3       ?getCallingConvention@UnDecorator@@CA?AVDName@@XZ 100145d3 f   libvcruntime:undname.obj
 0001:000136a6       ?getDataIndirectType@UnDecorator@@CA?AVDName@@ABV2@PBD0H@Z 100146a6 f   libvcruntime:undname.obj
 0001:00013c90       ?getDataIndirectType@UnDecorator@@CA?AVDName@@XZ 10014c90 f i libvcruntime:undname.obj
 0001:00013cc2       ?getDataType@UnDecorator@@CA?AVDName@@PAV2@@Z 10014cc2 f   libvcruntime:undname.obj
 0001:00013d87       ?getDecoratedName@UnDecorator@@CA?AVDName@@XZ 10014d87 f   libvcruntime:undname.obj
 0001:00013fc9       ?getDimension@UnDecorator@@CA?AVDName@@_N@Z 10014fc9 f   libvcruntime:undname.obj
 0001:000140e8       ?getDispatchTarget@UnDecorator@@CA?AVDName@@XZ 100150e8 f   libvcruntime:undname.obj
 0001:0001413c       ?getDisplacement@UnDecorator@@CA?AVDName@@XZ 1001513c f i libvcruntime:undname.obj
 0001:00014150       ?getECSUDataType@UnDecorator@@CA?AVDName@@XZ 10015150 f   libvcruntime:undname.obj
 0001:00014268       ?getECSUName@UnDecorator@@CA?AVDName@@XZ 10015268 f i libvcruntime:undname.obj
 0001:00014279       ?getEnumType@UnDecorator@@CA?AVDName@@XZ 10015279 f i libvcruntime:undname.obj
 0001:00014369       ?getExtendedDataIndirectType@UnDecorator@@CA?AVDName@@AAPBDAA_NH@Z 10015369 f   libvcruntime:undname.obj
 0001:00014520       ?getExternalDataType@UnDecorator@@CA?AVDName@@ABV2@@Z 10015520 f i libvcruntime:undname.obj
 0001:00014587       ?getFunctionIndirectType@UnDecorator@@CA?AVDName@@ABV2@@Z 10015587 f   libvcruntime:undname.obj
 0001:0001495f       ?getGuardNumber@UnDecorator@@CA?AVDName@@XZ 1001595f f i libvcruntime:undname.obj
 0001:00014973       ?getLastChar@DName@@QBEDXZ 10015973 f i libvcruntime:undname.obj
 0001:00014993       ?getLastChar@DNameStatusNode@@UBEDXZ 10015993 f i libvcruntime:undname.obj
 0001:0001499f       ?getLastChar@charNode@@UBEDXZ 1001599f f i libvcruntime:undname.obj
 0001:000149a3       ?getLastChar@pDNameNode@@UBEDXZ 100159a3 f i libvcruntime:undname.obj
 0001:000149b1       ?getLastChar@pairNode@@UBEDXZ 100159b1 f i libvcruntime:undname.obj
 0001:000149e6       ?getLastChar@pcharNode@@UBEDXZ 100159e6 f i libvcruntime:undname.obj
 0001:000149f8       ?getLexicalFrame@UnDecorator@@CA?AVDName@@XZ 100159f8 f i libvcruntime:undname.obj
 0001:00014a37       ?getMemory@_HeapManager@@QAEPAXIH@Z 10015a37 f   libvcruntime:undname.obj
 0001:00014abe       ?getNoexcept@UnDecorator@@CA?AVDName@@XZ 10015abe f   libvcruntime:undname.obj
 0001:00014b03       ?getNumberOfDimensions@UnDecorator@@CAHXZ 10015b03 f   libvcruntime:undname.obj
 0001:00014b64       ?getOperatorName@UnDecorator@@CA?AVDName@@_NPA_N@Z 10015b64 f i libvcruntime:undname.obj
 0001:000151bc       ?getPointerType@UnDecorator@@CA?AVDName@@ABV2@0@Z 100161bc f i libvcruntime:undname.obj
 0001:000151da       ?getPointerTypeArray@UnDecorator@@CA?AVDName@@ABV2@0@Z 100161da f i libvcruntime:undname.obj
 0001:000151f8       ?getPrimaryDataType@UnDecorator@@CA?AVDName@@ABV2@@Z 100161f8 f   libvcruntime:undname.obj
 0001:000153dc       ?getPtrRefDataType@UnDecorator@@CA?AVDName@@ABV2@H@Z 100163dc f   libvcruntime:undname.obj
 0001:00015505       ?getPtrRefType@UnDecorator@@CA?AVDName@@ABV2@0PBD@Z 10016505 f   libvcruntime:undname.obj
 0001:000155ff       ?getReferenceType@UnDecorator@@CA?AVDName@@ABV2@0PBD@Z 100165ff f i libvcruntime:undname.obj
 0001:0001561b       ?getRestrictionSpec@UnDecorator@@CA?AVDName@@XZ 1001661b f   libvcruntime:undname.obj
 0001:00015714       ?getReturnType@UnDecorator@@CA?AVDName@@PAV2@@Z 10016714 f   libvcruntime:undname.obj
 0001:00015743       ?getScope@UnDecorator@@CA?AVDName@@XZ 10016743 f   libvcruntime:undname.obj
 0001:00015ad7       ?getScopedName@UnDecorator@@CA?AVDName@@XZ 10016ad7 f   libvcruntime:undname.obj
 0001:00015bab       ?getSignedDimension@UnDecorator@@CA?AVDName@@XZ 10016bab f   libvcruntime:undname.obj
 0001:00015bfc       ?getStorageConvention@UnDecorator@@CA?AVDName@@XZ 10016bfc f i libvcruntime:undname.obj
 0001:00015c0d       ?getString@DName@@QBEPADPAD0@Z 10016c0d f i libvcruntime:undname.obj
 0001:00015c3a       ?getString@DName@@QBEPADPADH@Z 10016c3a f i libvcruntime:undname.obj
 0001:00015c90       ?getString@DNameStatusNode@@UBEPADPAD0@Z 10016c90 f i libvcruntime:undname.obj
 0001:00015cb7       ?getString@charNode@@UBEPADPAD0@Z 10016cb7 f i libvcruntime:undname.obj
 0001:00015ccc       ?getString@pDNameNode@@UBEPADPAD0@Z 10016ccc f i libvcruntime:undname.obj
 0001:00015ce3       ?getString@pairNode@@UBEPADPAD0@Z 10016ce3 f i libvcruntime:undname.obj
 0001:00015d29       ?getString@pcharNode@@UBEPADPAD0@Z 10016d29 f i libvcruntime:undname.obj
 0001:00015d44       ?getStringEncoding@UnDecorator@@CA?AVDName@@PBDH@Z 10016d44 f   libvcruntime:undname.obj
 0001:00015df4       ?getStringHelper@@YAPADPADPBD1H@Z 10016df4 f i libvcruntime:undname.obj
 0001:00015e2b       ?getSymbolName@UnDecorator@@CA?AVDName@@XZ 10016e2b f i libvcruntime:undname.obj
 0001:00015e73       ?getTemplateArgumentList@UnDecorator@@CA?AVDName@@XZ 10016e73 f   libvcruntime:undname.obj
 0001:00016110       ?getTemplateConstant@UnDecorator@@CA?AVDName@@XZ 10017110 f   libvcruntime:undname.obj
 0001:00016442       ?getTemplateName@UnDecorator@@CA?AVDName@@_N@Z 10017442 f   libvcruntime:undname.obj
 0001:000165a4       ?getThisType@UnDecorator@@CA?AVDName@@XZ 100175a4 f i libvcruntime:undname.obj
 0001:000165d7       ?getThrowTypes@UnDecorator@@CA?AVDName@@XZ 100175d7 f   libvcruntime:undname.obj
 0001:000165fa       ?getTypeEncoding@UnDecorator@@CAHXZ 100175fa f i libvcruntime:undname.obj
 0001:00016922       ?getUndecoratedName@UnDecorator@@QAEPADPADH@Z 10017922 f i libvcruntime:undname.obj
 0001:000169e6       ?getVCallThunkType@UnDecorator@@CA?AVDName@@XZ 100179e6 f i libvcruntime:undname.obj
 0001:00016a2d       ?getVbTableType@UnDecorator@@CA?AVDName@@ABV2@@Z 10017a2d f i libvcruntime:undname.obj
 0001:00016a42       ?getVdispMapType@UnDecorator@@CA?AVDName@@ABV2@@Z 10017a42 f i libvcruntime:undname.obj
 0001:00016a96       ?getVfTableType@UnDecorator@@CA?AVDName@@ABV2@@Z 10017a96 f i libvcruntime:undname.obj
 0001:00016bf9       ?getZName@UnDecorator@@CA?AVDName@@_N0@Z 10017bf9 f   libvcruntime:undname.obj
 0001:00016df8       ?haveTemplateParameters@UnDecorator@@SAHXZ 10017df8 f i libvcruntime:undname.obj
 0001:00016e03       ?isArray@DName@@QBEHXZ     10017e03 f i libvcruntime:undname.obj
 0001:00016e0d       ?isComArray@DName@@QBEHXZ  10017e0d f i libvcruntime:undname.obj
 0001:00016e17       ?isEmpty@DName@@QBEHXZ     10017e17 f i libvcruntime:undname.obj
 0001:00016e1f       ?isFull@Replicator@@QBEHXZ 10017e1f f i libvcruntime:undname.obj
 0001:00016e28       ?isNoTE@DName@@QBEHXZ      10017e28 f i libvcruntime:undname.obj
 0001:00016e32       ?isPinPtr@DName@@QBEHXZ    10017e32 f i libvcruntime:undname.obj
 0001:00016e3c       ?isPtrRef@DName@@QBEHXZ    10017e3c f i libvcruntime:undname.obj
 0001:00016e46       ?isUDC@DName@@QBEHXZ       10017e46 f i libvcruntime:undname.obj
 0001:00016e57       ?isUDTThunk@DName@@QBEHXZ  10017e57 f i libvcruntime:undname.obj
 0001:00016e68       ?isVCallThunk@DName@@QBEHXZ 10017e68 f i libvcruntime:undname.obj
 0001:00016e72       ?isValid@DName@@QBEHXZ     10017e72 f i libvcruntime:undname.obj
 0001:00016e7c       ?length@DName@@QBEHXZ      10017e7c f i libvcruntime:undname.obj
 0001:00016e9b       ?length@DNameStatusNode@@UBEHXZ 10017e9b f i libvcruntime:undname.obj
 0001:00016e9f       ?length@charNode@@UBEHXZ   10017e9f f i libvcruntime:undname.obj
 0001:00016ea3       ?length@pDNameNode@@UBEHXZ 10017ea3 f i libvcruntime:undname.obj
 0001:00016eb1       ?length@pairNode@@UBEHXZ   10017eb1 f i libvcruntime:undname.obj
 0001:00016ef7       ?length@pcharNode@@UBEHXZ  10017ef7 f i libvcruntime:undname.obj
 0001:00016efb       ?make@DNameStatusNode@@SAPBV1@W4DNameStatus@@@Z 10017efb f i libvcruntime:undname.obj
 0001:00016f17       ?parseDecoratedName@UnDecorator@@CA?AVDName@@XZ 10017f17 f   libvcruntime:undname.obj
 0001:00017005       ?setIsArray@DName@@QAEXXZ  10018005 f i libvcruntime:undname.obj
 0001:0001700d       ?setIsComArray@DName@@QAEXXZ 1001800d f i libvcruntime:undname.obj
 0001:00017015       ?setIsNoTE@DName@@QAEXXZ   10018015 f i libvcruntime:undname.obj
 0001:0001701d       ?setIsPinPtr@DName@@QAEXXZ 1001801d f i libvcruntime:undname.obj
 0001:00017025       ?setIsUDC@DName@@QAEXXZ    10018025 f i libvcruntime:undname.obj
 0001:00017032       ?setIsVCallThunk@DName@@QAEXXZ 10018032 f i libvcruntime:undname.obj
 0001:0001703a       ?setPtrRef@DName@@QAEAAV1@XZ 1001803a f i libvcruntime:undname.obj
 0001:00017044       ?status@DName@@QBE?AW4DNameStatus@@XZ 10018044 f i libvcruntime:undname.obj
 0001:000170b0       ___unDName                 100180b0 f   libvcruntime:undname.obj
 0001:000170d3       ___unDNameEx               100180d3 f   libvcruntime:undname.obj
 0001:00017172       __vsprintf_s_l             10018172 f i libvcruntime:undname.obj
 0001:0001719f       _sprintf_s                 1001819f f i libvcruntime:undname.obj
 0001:000171bb       _unDNameGenerateCHPE       100181bb f   libvcruntime:undname.obj
 0001:00017217       ??$?RU__vcrt_ptd@@@__crt_internal_free_policy@@QBEXQBU__vcrt_ptd@@@Z 10018217 f i libvcruntime:per_thread_data.obj
 0001:00017227       ??0?$__crt_unique_heap_ptr@U__vcrt_ptd@@U__crt_internal_free_policy@@@@QAE@QAU__vcrt_ptd@@@Z 10018227 f i libvcruntime:per_thread_data.obj
 0001:00017244       ??1?$__crt_unique_heap_ptr@U__vcrt_ptd@@U__crt_internal_free_policy@@@@QAE@XZ 10018244 f i libvcruntime:per_thread_data.obj
 0001:0001725d       ??B?$__crt_unique_heap_ptr@U__vcrt_ptd@@U__crt_internal_free_policy@@@@QBE_NXZ 1001825d f i libvcruntime:per_thread_data.obj
 0001:00017264       ?detach@?$__crt_unique_heap_ptr@U__vcrt_ptd@@U__crt_internal_free_policy@@@@QAEPAU__vcrt_ptd@@XZ 10018264 f i libvcruntime:per_thread_data.obj
 0001:0001726a       ?get@?$__crt_unique_heap_ptr@U__vcrt_ptd@@U__crt_internal_free_policy@@@@QBEPAU__vcrt_ptd@@XZ 1001826a f i libvcruntime:per_thread_data.obj
 0001:0001726d       ?is_valid@?$__crt_unique_heap_ptr@U__vcrt_ptd@@U__crt_internal_free_policy@@@@QBE_NXZ 1001826d f i libvcruntime:per_thread_data.obj
 0001:00017274       ?release@?$__crt_unique_heap_ptr@U__vcrt_ptd@@U__crt_internal_free_policy@@@@QAEXXZ 10018274 f i libvcruntime:per_thread_data.obj
 0001:0001729e       ___vcrt_freefls@4          1001829e f   libvcruntime:per_thread_data.obj
 0001:000172ba       ___vcrt_freeptd            100182ba f   libvcruntime:per_thread_data.obj
 0001:000172f0       ___vcrt_getptd             100182f0 f   libvcruntime:per_thread_data.obj
 0001:000172fe       ___vcrt_getptd_noexit      100182fe f   libvcruntime:per_thread_data.obj
 0001:00017390       ___vcrt_getptd_noinit      10018390 f   libvcruntime:per_thread_data.obj
 0001:000173c7       ___vcrt_initialize_ptd     100183c7 f   libvcruntime:per_thread_data.obj
 0001:000173fa       ___vcrt_uninitialize_ptd   100183fa f   libvcruntime:per_thread_data.obj
 0001:00017415       ___vcrt_initialize_locks   10018415 f   libvcruntime:locks.obj
 0001:00017451       ___vcrt_lock               10018451 f   libvcruntime:locks.obj
 0001:00017466       ___vcrt_uninitialize_locks 10018466 f   libvcruntime:locks.obj
 0001:00017495       ___vcrt_unlock             10018495 f   libvcruntime:locks.obj
 0001:000174aa       ??$?BX@__crt_fast_encoded_nullptr_t@@QBEPAXXZ 100184aa f i libvcruntime:winapi_downlevel.obj
 0001:000174b0       ??$__crt_fast_decode_pointer@PAX@@YAPAXQAX@Z 100184b0 f i libvcruntime:winapi_downlevel.obj
 0001:000174c4       ??$__crt_fast_encode_pointer@PAX@@YAPAXQAX@Z 100184c4 f i libvcruntime:winapi_downlevel.obj
 0001:000174e1       ??$__crt_interlocked_exchange_pointer@UHINSTANCE__@@PAU1@@@YAPAUHINSTANCE__@@PDSAU0@QAU0@@Z 100184e1 f i libvcruntime:winapi_downlevel.obj
 0001:000174ee       ??$__crt_interlocked_exchange_pointer@UHINSTANCE__@@PAX@@YAPAUHINSTANCE__@@PDSAU0@QAX@Z 100184ee f i libvcruntime:winapi_downlevel.obj
 0001:000174fb       ??$__crt_interlocked_exchange_pointer@XPAX@@YAPAXPDSAXQAX@Z 100184fb f i libvcruntime:winapi_downlevel.obj
 0001:00017508       ??$__crt_interlocked_read_pointer@UHINSTANCE__@@@@YAPAUHINSTANCE__@@PDSAU0@@Z 10018508 f i libvcruntime:winapi_downlevel.obj
 0001:00017512       ??$__crt_interlocked_read_pointer@X@@YAPAXPDSAX@Z 10018512 f i libvcruntime:winapi_downlevel.obj
 0001:0001751c       ?__crt_fast_encode_pointer@@YA?AU__crt_fast_encoded_nullptr_t@@$$T@Z 1001851c f i libvcruntime:winapi_downlevel.obj
 0001:000177b0       ___vcrt_FlsAlloc           100187b0 f   libvcruntime:winapi_downlevel.obj
 0001:000177eb       ___vcrt_FlsFree            100187eb f   libvcruntime:winapi_downlevel.obj
 0001:00017826       ___vcrt_FlsGetValue        10018826 f   libvcruntime:winapi_downlevel.obj
 0001:00017861       ___vcrt_FlsSetValue        10018861 f   libvcruntime:winapi_downlevel.obj
 0001:0001789f       ___vcrt_InitializeCriticalSectionEx 1001889f f   libvcruntime:winapi_downlevel.obj
 0001:000178e6       ___vcrt_initialize_winapi_thunks 100188e6 f   libvcruntime:winapi_downlevel.obj
 0001:0001790f       ___vcrt_uninitialize_winapi_thunks 1001890f f   libvcruntime:winapi_downlevel.obj
 0001:00017941       ??$?B$$A6AXXZ@__crt_fast_encoded_nullptr_t@@QBEP6AXXZXZ 10018941 f i libvcruntime:purevirt_data.obj
 0001:00017947       ??$__crt_fast_encode_pointer@P6AXXZ@@YAP6AXXZQ6AXXZ@Z 10018947 f i libvcruntime:purevirt_data.obj
 0001:00017964       ___vcrt_initialize_pure_virtual_call_handler 10018964 f   libvcruntime:purevirt_data.obj
 0001:00017970       __global_unwind2           10018970 f   libvcruntime:exsup.obj
 0001:000179d6       __local_unwind2            100189d6 f   libvcruntime:exsup.obj
 0001:00017a5a       __abnormal_termination     10018a5a f   libvcruntime:exsup.obj
 0001:00017a80       __NLG_Notify1              10018a80 f   libvcruntime:exsup.obj
 0001:00017a8c       __NLG_Notify               10018a8c f   libvcruntime:exsup.obj
 0001:00017aa3       __NLG_Dispatch2            10018aa3     libvcruntime:exsup.obj
 0001:00017aa3       __NLG_Dispatch             10018aa3     libvcruntime:exsup.obj
 0001:00017aab       __NLG_Call                 10018aab f   libvcruntime:exsup.obj
 0001:00017aad       __NLG_Return2              10018aad     libvcruntime:exsup.obj
 0001:00017aae       ??$__crt_fast_decode_pointer@P6AXXZ@@YAP6AXXZQ6AXXZ@Z 10018aae f i libvcruntime:purevirt.obj
 0001:00017ac2       ??$__crt_interlocked_exchange_pointer@$$A6AXXZP6AXXZ@@YAP6AXXZPDS6AXXZQ6AXXZ@Z 10018ac2 f i libvcruntime:purevirt.obj
 0001:00017acf       ??$__crt_interlocked_read_pointer@$$A6AXXZ@@YAP6AXXZPDS6AXXZ@Z 10018acf f i libvcruntime:purevirt.obj
 0001:00017ad9       __get_purecall_handler     10018ad9 f   libvcruntime:purevirt.obj
 0001:00017aee       __purecall                 10018aee f   libvcruntime:purevirt.obj
 0001:00017b0a       __set_purecall_handler     10018b0a f   libvcruntime:purevirt.obj
 0001:00017b2f       ??$?0AAViterator@TryBlockMap@__FrameHandler3@@AAV012@$0A@@?$pair@Viterator@TryBlockMap@__FrameHandler3@@V123@@std@@QAE@AAViterator@TryBlockMap@__FrameHandler3@@0@Z 10018b2f f i libvcruntime:trnsctrl.obj
 0001:00017b53       ??$forward@AAViterator@TryBlockMap@__FrameHandler3@@@std@@YAAAViterator@TryBlockMap@__FrameHandler3@@AAV123@@Z 10018b53 f i libvcruntime:trnsctrl.obj
 0001:00017b5b       ??0iterator@TryBlockMap@__FrameHandler3@@QAE@AAV12@I@Z 10018b5b f i libvcruntime:trnsctrl.obj
 0001:00017b6f       ?GetRangeOfTrysToCheck@__FrameHandler3@@SA?AU?$pair@Viterator@TryBlockMap@__FrameHandler3@@V123@@std@@AAVTryBlockMap@1@HH@Z 10018b6f f   libvcruntime:trnsctrl.obj
 0001:00017bf1       ?_CallCatchBlock2@@YAPAXPAUEHRegistrationNode@@PBU_s_FuncInfo@@PAXHK@Z 10018bf1 f   libvcruntime:trnsctrl.obj
 0001:00017c4f       ?_CallSETranslator@@YAHPAUEHExceptionRecord@@PAUEHRegistrationNode@@PAX2PBU_s_FuncInfo@@H1@Z 10018c4f f   libvcruntime:trnsctrl.obj
 0001:00017d2a       ?_JumpToContinuation@@YGXPAXPAUEHRegistrationNode@@@Z 10018d2a f   libvcruntime:trnsctrl.obj
 0001:00017d5a       ?_UnwindNestedFrames@@YGXPAUEHRegistrationNode@@PAUEHExceptionRecord@@@Z 10018d5a f   libvcruntime:trnsctrl.obj
 0001:00017dad       ?getFuncInfo@TryBlockMap@__FrameHandler3@@QAEPBU_s_FuncInfo@@XZ 10018dad f i libvcruntime:trnsctrl.obj
 0001:00017db0       __CatchGuardHandler        10018db0 f   libvcruntime:trnsctrl.obj
 0001:00017de1       __CreateFrameInfo          10018de1 f   libvcruntime:trnsctrl.obj
 0001:00017e05       __FindAndUnlinkFrame       10018e05 f   libvcruntime:trnsctrl.obj
 0001:00017e4a       __TranslatorGuardHandler   10018e4a f   libvcruntime:trnsctrl.obj
 0001:00017ee7       ___CxxFrameHandler         10018ee7 f   libvcruntime:trnsctrl.obj
 0001:00017f1d       ___CxxFrameHandler2        10018f1d f   libvcruntime:trnsctrl.obj
 0001:00017f53       ___CxxFrameHandler3        10018f53 f   libvcruntime:trnsctrl.obj
 0001:00017f89       ___CxxLongjmpUnwind@4      10018f89 f   libvcruntime:trnsctrl.obj
 0001:00017fb0       _memcpy                    10018fb0 f   libvcruntime:memcpy.obj
 0001:00018c1b       ??$TypeMatchHelper@$$CBU_s_HandlerType@@@@YAHPBU_s_HandlerType@@PBU_s_CatchableType@@PBU_s_ThrowInfo@@@Z 10019c1b f i libvcruntime:frame.obj
 0001:00018ca9       ??$__InternalCxxFrameHandler@V__FrameHandler3@@@@YA?AW4_EXCEPTION_DISPOSITION@@PAUEHExceptionRecord@@PAUEHRegistrationNode@@PAU_CONTEXT@@PAXPBU_s_FuncInfo@@H1E@Z 10019ca9 f i libvcruntime:frame.obj
 0001:00018dab       ??0HandlerMap@__FrameHandler3@@QAE@PBU_s_TryBlockMapEntry@@PAX@Z 10019dab f i libvcruntime:frame.obj
 0001:00018dc2       ??0TryBlockMap@__FrameHandler3@@QAE@PBU_s_FuncInfo@@PAX@Z 10019dc2 f i libvcruntime:frame.obj
 0001:00018dd6       ??0bad_exception@std@@QAE@ABV01@@Z 10019dd6 f i libvcruntime:frame.obj
 0001:00018df1       ??0bad_exception@std@@QAE@XZ 10019df1 f i libvcruntime:frame.obj
 0001:00018e09       ??0exception@std@@QAE@ABV01@@Z 10019e09 f i libvcruntime:frame.obj
 0001:00018e35       ??0exception@std@@QAE@QBDH@Z 10019e35 f i libvcruntime:frame.obj
 0001:00018e52       ??0iterator@HandlerMap@__FrameHandler3@@QAE@AAV12@I@Z 10019e52 f i libvcruntime:frame.obj
 0001:00018e66       ??1bad_exception@std@@UAE@XZ 10019e66 f i libvcruntime:frame.obj
 0001:00018e77       ??1exception@std@@UAE@XZ   10019e77 f i libvcruntime:frame.obj
 0001:00018e88       ??8iterator@HandlerMap@__FrameHandler3@@QBE_NABV012@@Z 10019e88 f i libvcruntime:frame.obj
 0001:00018e9b       ??8type_info@@QBE_NABV0@@Z 10019e9b f i libvcruntime:frame.obj
 0001:00018eba       ??9iterator@HandlerMap@__FrameHandler3@@QBE_NABV012@@Z 10019eba f i libvcruntime:frame.obj
 0001:00018ecd       ??Diterator@HandlerMap@__FrameHandler3@@QAEPBU_s_HandlerType@@XZ 10019ecd f i libvcruntime:frame.obj
 0001:00018ed9       ??Diterator@TryBlockMap@__FrameHandler3@@QAEPBU_s_TryBlockMapEntry@@XZ 10019ed9 f i libvcruntime:frame.obj
 0001:00018ee5       ??Eiterator@HandlerMap@__FrameHandler3@@QAEAAV012@XZ 10019ee5 f i libvcruntime:frame.obj
 0001:00018eeb       ??Eiterator@TryBlockMap@__FrameHandler3@@QAEAAV012@XZ 10019eeb f i libvcruntime:frame.obj
 0001:00018ef1       ??Miterator@TryBlockMap@__FrameHandler3@@QBE_NABV012@@Z 10019ef1 f i libvcruntime:frame.obj
 0001:00018f04       ??_Gbad_exception@std@@UAEPAXI@Z 10019f04 f i libvcruntime:frame.obj
 0001:00018f04       ??_Ebad_exception@std@@UAEPAXI@Z 10019f04 f i libvcruntime:frame.obj
 0001:00018f31       ??_Gexception@std@@UAEPAXI@Z 10019f31 f i libvcruntime:frame.obj
 0001:00018f31       ??_Eexception@std@@UAEPAXI@Z 10019f31 f i libvcruntime:frame.obj
 0001:00018f5e       ?BuildCatchObject@__FrameHandler3@@SAXPAUEHExceptionRecord@@PAXPBU_s_HandlerType@@PBU_s_CatchableType@@@Z 10019f5e f   libvcruntime:frame.obj
 0001:00018f63       ?BuildCatchObjectHelper@__FrameHandler3@@SAHPAUEHExceptionRecord@@PAXPBU_s_HandlerType@@PBU_s_CatchableType@@@Z 10019f63 f   libvcruntime:frame.obj
 0001:000191b4       ?FrameUnwindToEmptyState@__FrameHandler3@@SAXPAUEHRegistrationNode@@PAXPBU_s_FuncInfo@@@Z 1001a1b4 f   libvcruntime:frame.obj
 0001:000191cc       ?FrameUnwindToState@__FrameHandler3@@SAXPAUEHRegistrationNode@@PAXPBU_s_FuncInfo@@H@Z 1001a1cc f   libvcruntime:frame.obj
 0001:000192b4       ?GetMaxState@__FrameHandler3@@SAHPAXPBU_s_FuncInfo@@@Z 1001a2b4 f i libvcruntime:frame.obj
 0001:00019392       ?TypeMatch@__FrameHandler3@@SAHPBU_s_HandlerType@@PBU_s_CatchableType@@PBU_s_ThrowInfo@@@Z 1001a392 f   libvcruntime:frame.obj
 0001:0001939b       ?_CallMemberFunction1@@YGXQAX00@Z 1001a39b f i libvcruntime:frame.obj
 0001:000193ab       ?_CallMemberFunction2@@YGXQAX00H@Z 1001a3ab f i libvcruntime:frame.obj
 0001:000193be       ?_ValidateExecute@@YA_NP6GHXZ@Z 1001a3be f i libvcruntime:frame.obj
 0001:000193ca       ?_ValidateRead@@YA_NPBXI@Z 1001a3ca f i libvcruntime:frame.obj
 0001:000193d6       ?_ValidateWrite@@YA_NPAXI@Z 1001a3d6 f i libvcruntime:frame.obj
 0001:000193e2       ?begin@HandlerMap@__FrameHandler3@@QAE?AViterator@12@XZ 1001a3e2 f i libvcruntime:frame.obj
 0001:000193f2       ?end@HandlerMap@__FrameHandler3@@QAE?AViterator@12@XZ 1001a3f2 f i libvcruntime:frame.obj
 0001:00019403       ?getESTypes@__FrameHandler3@@SAPBU_s_ESTypeList@@PBU_s_FuncInfo@@@Z 1001a403 f i libvcruntime:frame.obj
 0001:0001940e       ?getLastEntry@HandlerMap@__FrameHandler3@@QAEPBU_s_HandlerType@@XZ 1001a40e f i libvcruntime:frame.obj
 0001:0001941c       ?getMagicNum@__FrameHandler3@@SAIPBU_s_FuncInfo@@@Z 1001a41c f i libvcruntime:frame.obj
 0001:0001942b       ?getNumTryBlocks@TryBlockMap@__FrameHandler3@@QAEIXZ 1001a42b f i libvcruntime:frame.obj
 0001:00019431       ?isEHs@__FrameHandler3@@SA_NPBU_s_FuncInfo@@@Z 1001a431 f i libvcruntime:frame.obj
 0001:0001943e       ?isNoExcept@__FrameHandler3@@SA_NPBU_s_FuncInfo@@@Z 1001a43e f i libvcruntime:frame.obj
 0001:0001944e       ?what@exception@std@@UBEPBDXZ 1001a44e f i libvcruntime:frame.obj
 0001:0001945b       ___BuildCatchObject        1001a45b f   libvcruntime:frame.obj
 0001:00019460       ___BuildCatchObjectHelper  1001a460 f   libvcruntime:frame.obj
 0001:00019469       ___TypeMatch               1001a469 f   libvcruntime:frame.obj
 0001:00019472       ___vcrt_EncodePointer      1001a472 f i libvcruntime:frame.obj
 0001:00019480       __CallSettingFrame@12      1001a480 f   libvcruntime:lowhelpr.obj
 0001:000194a7       __NLG_Return               1001a4a7     libvcruntime:lowhelpr.obj
 0001:000194e0       __get_unexpected           1001a4e0 f   libvcruntime:unexpected.obj
 0001:000194f2       _set_unexpected            1001a4f2 f   libvcruntime:unexpected.obj
 0001:00019510       _unexpected                1001a510 f   libvcruntime:unexpected.obj
 0001:0001952d       ?GetCurrentState@__FrameHandler3@@SAHPAUEHRegistrationNode@@PAXPBU_s_FuncInfo@@@Z 1001a52d f   libvcruntime:ehstate.obj
 0001:0001954a       ?SetState@__FrameHandler3@@SAXPAUEHRegistrationNode@@PBU_s_FuncInfo@@H@Z 1001a54a f   libvcruntime:ehstate.obj
 0001:00019558       ___DestructExceptionObject 1001a558 f   libvcruntime:ehhelpers.obj
 0001:000195f8       ?_CallMemberFunction0@@YGXQAX0@Z 1001a5f8 f i libvcruntime:ehhelpers.obj
 0001:00019605       ?raw_name@type_info@@QBEPBDXZ 1001a605 f i libvcruntime:ehhelpers.obj
 0001:00019609       __IsExceptionObjectToBeDestroyed 1001a609 f   libvcruntime:ehhelpers.obj
 0001:0001962f       __SetWinRTOutOfMemoryExceptionCallback 1001a62f f   libvcruntime:ehhelpers.obj
 0001:0001963c       ___AdjustPointer           1001a63c f   libvcruntime:ehhelpers.obj
 0001:00019661       ___FrameUnwindFilter       1001a661 f   libvcruntime:ehhelpers.obj
 0001:000196a6       ___GetPlatformExceptionInfo 1001a6a6 f   libvcruntime:ehhelpers.obj
 0001:000196f2       ___current_exception       1001a6f2 f   libvcruntime:ehhelpers.obj
 0001:000196fb       ___current_exception_context 1001a6fb f   libvcruntime:ehhelpers.obj
 0001:00019704       ___processing_throw        1001a704 f   libvcruntime:ehhelpers.obj
 0001:0001970d       ___std_terminate           1001a70d f   libvcruntime:ehhelpers.obj
 0001:00019712       __is_exception_typeof      1001a712 f   libvcruntime:ehhelpers.obj
 0001:000197b6       ??$?RD@__crt_public_free_policy@@QBEXQBD@Z 1001a7b6 f i libvcruntime:std_exception.obj
 0001:000197c6       ??0?$__crt_unique_heap_ptr@DU__crt_public_free_policy@@@@QAE@QAD@Z 1001a7c6 f i libvcruntime:std_exception.obj
 0001:000197d4       ??1?$__crt_unique_heap_ptr@DU__crt_public_free_policy@@@@QAE@XZ 1001a7d4 f i libvcruntime:std_exception.obj
 0001:000197e4       ??B?$__crt_unique_heap_ptr@DU__crt_public_free_policy@@@@QBE_NXZ 1001a7e4 f i libvcruntime:std_exception.obj
 0001:000197eb       ?detach@?$__crt_unique_heap_ptr@DU__crt_public_free_policy@@@@QAEPADXZ 1001a7eb f i libvcruntime:std_exception.obj
 0001:000197f1       ?get@?$__crt_unique_heap_ptr@DU__crt_public_free_policy@@@@QBEPADXZ 1001a7f1 f i libvcruntime:std_exception.obj
 0001:000197f4       ?is_valid@?$__crt_unique_heap_ptr@DU__crt_public_free_policy@@@@QBE_NXZ 1001a7f4 f i libvcruntime:std_exception.obj
 0001:000197fb       ?release@?$__crt_unique_heap_ptr@DU__crt_public_free_policy@@@@QAEXXZ 1001a7fb f i libvcruntime:std_exception.obj
 0001:0001980b       ___std_exception_copy      1001a80b f   libvcruntime:std_exception.obj
 0001:0001986e       ___std_exception_destroy   1001a86e f   libvcruntime:std_exception.obj
 0001:0001988d       __CxxThrowException@8      1001a88d f   libvcruntime:throw.obj
 0001:00019900       _memmove                   1001a900 f   libvcruntime:memmove.obj
 0001:0001a1f6       __lseek                    1001b1f6 f   libucrt:lseek.obj
 0001:0001a201       __lseek_nolock             1001b201 f   libucrt:lseek.obj
 0001:0001a20c       __lseeki64                 1001b20c f   libucrt:lseek.obj
 0001:0001a227       __lseeki64_nolock          1001b227 f   libucrt:lseek.obj
 0001:0001a2f4       ??$__acrt_mbs_to_wcs_cp@U__crt_win32_buffer_internal_dynamic_resizing@@@@YAHQBDAAV?$__crt_win32_buffer@_WU__crt_win32_buffer_internal_dynamic_resizing@@@@I@Z 1001b2f4 f i libucrt:open.obj
 0001:0001a313       ??$__vcrt_va_start_verify_argument_type@$$CBH@@YAXXZ 1001b313 f i libucrt:open.obj
 0001:0001a5d8       ??$tsopen_nolock@PAHABQAHABQBDABHABHABHABH@?$__crt_char_traits@D@@SAH$$QAPAHABQAHABQBDABH333@Z 1001b5d8 f i libucrt:open.obj
 0001:0001a60a       ??$tsopen_nolock@PAHABQAHABQB_WABHABHABHABH@?$__crt_char_traits@_W@@SAH$$QAPAHABQAHABQB_WABH333@Z 1001b60a f i libucrt:open.obj
 0001:0001a63c       ??$tsopen_nolock@PAHPAHABQBDABHHABHH@?$__crt_char_traits@D@@SAH$$QAPAH0ABQBDABH$$QAH23@Z 1001b63c f i libucrt:open.obj
 0001:0001a66e       ??$tsopen_nolock@PAHPAHABQB_WABHHABHH@?$__crt_char_traits@_W@@SAH$$QAPAH0ABQB_WABH$$QAH23@Z 1001b66e f i libucrt:open.obj
 0001:0001a6a0       ??0?$__crt_win32_buffer@_WU__crt_win32_buffer_internal_dynamic_resizing@@@@QAE@XZ 1001b6a0 f i libucrt:open.obj
 0001:0001a6b6       ??0_LocaleUpdate@@QAE@QAU__crt_locale_pointers@@@Z 1001b6b6 f i libucrt:open.obj
 0001:0001a739       ??1?$__crt_win32_buffer@_WU__crt_win32_buffer_internal_dynamic_resizing@@@@QAE@XZ 1001b739 f i libucrt:open.obj
 0001:0001a73e       ??1_LocaleUpdate@@QAE@XZ   1001b73e f i libucrt:open.obj
 0001:0001a76f       ?GetLocaleT@_LocaleUpdate@@QAEPAU__crt_locale_pointers@@XZ 1001b76f f i libucrt:open.obj
 0001:0001a773       ?__acrt_get_utf8_acp_compatibility_codepage@@YAIXZ 1001b773 f i libucrt:open.obj
 0001:0001a7b4       ?_deallocate@?$__crt_win32_buffer@_WU__crt_win32_buffer_internal_dynamic_resizing@@@@AAEXXZ 1001b7b4 f i libucrt:open.obj
 0001:0001a7ce       ?allocate@?$__crt_win32_buffer@_WU__crt_win32_buffer_internal_dynamic_resizing@@@@QAEHI@Z 1001b7ce f i libucrt:open.obj
 0001:0001a80d       ?allocate@__crt_win32_buffer_internal_dynamic_resizing@@SAHQAPAXIABV__crt_win32_buffer_empty_debug_info@@@Z 1001b80d f i libucrt:open.obj
 0001:0001a82c       ?capacity@?$__crt_win32_buffer@_WU__crt_win32_buffer_internal_dynamic_resizing@@@@QBEIXZ 1001b82c f i libucrt:open.obj
 0001:0001aaaa       ?data@?$__crt_win32_buffer@_WU__crt_win32_buffer_internal_dynamic_resizing@@@@QAEPA_WXZ 1001baaa f i libucrt:open.obj
 0001:0001aaae       ?deallocate@__crt_win32_buffer_internal_dynamic_resizing@@SAXQAXABV__crt_win32_buffer_empty_debug_info@@@Z 1001baae f i libucrt:open.obj
 0001:0001aabe       ?debug_info@?$__crt_win32_buffer@_WU__crt_win32_buffer_internal_dynamic_resizing@@@@QBEABV__crt_win32_buffer_empty_debug_info@@XZ 1001babe f i libucrt:open.obj
 0001:0001ad9b       ?set_to_nullptr@?$__crt_win32_buffer@_WU__crt_win32_buffer_internal_dynamic_resizing@@@@QAEXXZ 1001bd9b f i libucrt:open.obj
 0001:0001adb2       ?size@?$__crt_win32_buffer@_WU__crt_win32_buffer_internal_dynamic_resizing@@@@QAEXI@Z 1001bdb2 f i libucrt:open.obj
 0001:0001ae6d       ___acrt_locale_changed     1001be6d f i libucrt:open.obj
 0001:0001ae78       __invoke_watson_if_error   1001be78 f i libucrt:open.obj
 0001:0001ae9a       __open                     1001be9a f   libucrt:open.obj
 0001:0001aeb2       __sopen                    1001beb2 f   libucrt:open.obj
 0001:0001aee7       __sopen_dispatch           1001bee7 f   libucrt:open.obj
 0001:0001aef2       __sopen_nolock             1001bef2 f   libucrt:open.obj
 0001:0001af62       __sopen_s                  1001bf62 f   libucrt:open.obj
 0001:0001af82       __wopen                    1001bf82 f   libucrt:open.obj
 0001:0001af9a       __wsopen                   1001bf9a f   libucrt:open.obj
 0001:0001afcf       __wsopen_dispatch          1001bfcf f   libucrt:open.obj
 0001:0001afda       __wsopen_nolock            1001bfda f   libucrt:open.obj
 0001:0001b306       __wsopen_s                 1001c306 f   libucrt:open.obj
 0001:0001b606       __wcstombs_l               1001c606 f   libucrt:wcstombs.obj
 0001:0001b611       __wcstombs_s_l             1001c611 f   libucrt:wcstombs.obj
 0001:0001b6de       _wcstombs                  1001c6de f   libucrt:wcstombs.obj
 0001:0001b6f8       _wcstombs_s                1001c6f8 f   libucrt:wcstombs.obj
 0001:0001b718       ??$?0ABV?$stream_output_adapter@D@__crt_stdio_output@@AB_KABQBDABQAU__crt_locale_pointers@@ABQAD@?$format_validation_base@DV?$stream_output_adapter@D@__crt_stdio_output@@@__crt_stdio_output@@IAE@ABV?$stream_output_adapter@D@1@AB_KABQBDABQAU__crt_locale_pointers@@ABQAD@Z 1001c718 f i libucrt:output.obj
 0001:0001b73b       ??$?0ABV?$stream_output_adapter@D@__crt_stdio_output@@AB_KABQBDABQAU__crt_locale_pointers@@ABQAD@?$positional_parameter_base@DV?$stream_output_adapter@D@__crt_stdio_output@@@__crt_stdio_output@@IAE@ABV?$stream_output_adapter@D@1@AB_KABQBDABQAU__crt_locale_pointers@@ABQAD@Z 1001c73b f i libucrt:output.obj
 0001:0001b783       ??$?0ABV?$stream_output_adapter@D@__crt_stdio_output@@AB_KABQBDABQAU__crt_locale_pointers@@ABQAD@?$standard_base@DV?$stream_output_adapter@D@__crt_stdio_output@@@__crt_stdio_output@@IAE@ABV?$stream_output_adapter@D@1@AB_KABQBDABQAU__crt_locale_pointers@@ABQAD@Z 1001c783 f i libucrt:output.obj
 0001:0001b7b8       ??$?0ABV?$stream_output_adapter@_W@__crt_stdio_output@@AB_KABQB_WABQAU__crt_locale_pointers@@ABQAD@?$format_validation_base@_WV?$stream_output_adapter@_W@__crt_stdio_output@@@__crt_stdio_output@@IAE@ABV?$stream_output_adapter@_W@1@AB_KABQB_WABQAU__crt_locale_pointers@@ABQAD@Z 1001c7b8 f i libucrt:output.obj
 0001:0001b7db       ??$?0ABV?$stream_output_adapter@_W@__crt_stdio_output@@AB_KABQB_WABQAU__crt_locale_pointers@@ABQAD@?$positional_parameter_base@_WV?$stream_output_adapter@_W@__crt_stdio_output@@@__crt_stdio_output@@IAE@ABV?$stream_output_adapter@_W@1@AB_KABQB_WABQAU__crt_locale_pointers@@ABQAD@Z 1001c7db f i libucrt:output.obj
 0001:0001b823       ??$?0ABV?$stream_output_adapter@_W@__crt_stdio_output@@AB_KABQB_WABQAU__crt_locale_pointers@@ABQAD@?$standard_base@_WV?$stream_output_adapter@_W@__crt_stdio_output@@@__crt_stdio_output@@IAE@ABV?$stream_output_adapter@_W@1@AB_KABQB_WABQAU__crt_locale_pointers@@ABQAD@Z 1001c823 f i libucrt:output.obj
 0001:0001b858       ??$?0ABV?$string_output_adapter@D@__crt_stdio_output@@AB_KABQBDABQAU__crt_locale_pointers@@ABQAD@?$format_validation_base@DV?$string_output_adapter@D@__crt_stdio_output@@@__crt_stdio_output@@IAE@ABV?$string_output_adapter@D@1@AB_KABQBDABQAU__crt_locale_pointers@@ABQAD@Z 1001c858 f i libucrt:output.obj
 0001:0001b87b       ??$?0ABV?$string_output_adapter@D@__crt_stdio_output@@AB_KABQBDABQAU__crt_locale_pointers@@ABQAD@?$positional_parameter_base@DV?$string_output_adapter@D@__crt_stdio_output@@@__crt_stdio_output@@IAE@ABV?$string_output_adapter@D@1@AB_KABQBDABQAU__crt_locale_pointers@@ABQAD@Z 1001c87b f i libucrt:output.obj
 0001:0001b8c3       ??$?0ABV?$string_output_adapter@D@__crt_stdio_output@@AB_KABQBDABQAU__crt_locale_pointers@@ABQAD@?$standard_base@DV?$string_output_adapter@D@__crt_stdio_output@@@__crt_stdio_output@@IAE@ABV?$string_output_adapter@D@1@AB_KABQBDABQAU__crt_locale_pointers@@ABQAD@Z 1001c8c3 f i libucrt:output.obj
 0001:0001b8f8       ??$?0ABV?$string_output_adapter@_W@__crt_stdio_output@@AB_KABQB_WABQAU__crt_locale_pointers@@ABQAD@?$format_validation_base@_WV?$string_output_adapter@_W@__crt_stdio_output@@@__crt_stdio_output@@IAE@ABV?$string_output_adapter@_W@1@AB_KABQB_WABQAU__crt_locale_pointers@@ABQAD@Z 1001c8f8 f i libucrt:output.obj
 0001:0001b91b       ??$?0ABV?$string_output_adapter@_W@__crt_stdio_output@@AB_KABQB_WABQAU__crt_locale_pointers@@ABQAD@?$positional_parameter_base@_WV?$string_output_adapter@_W@__crt_stdio_output@@@__crt_stdio_output@@IAE@ABV?$string_output_adapter@_W@1@AB_KABQB_WABQAU__crt_locale_pointers@@ABQAD@Z 1001c91b f i libucrt:output.obj
 0001:0001b963       ??$?0ABV?$string_output_adapter@_W@__crt_stdio_output@@AB_KABQB_WABQAU__crt_locale_pointers@@ABQAD@?$standard_base@_WV?$string_output_adapter@_W@__crt_stdio_output@@@__crt_stdio_output@@IAE@ABV?$string_output_adapter@_W@1@AB_KABQB_WABQAU__crt_locale_pointers@@ABQAD@Z 1001c963 f i libucrt:output.obj
 0001:0001bc6e       ??$__crt_interlocked_read@J@@YAJPDJ@Z 1001cc6e f i libucrt:output.obj
 0001:0001cb2e       ??$count@D@formatting_buffer@__crt_stdio_output@@QBEIXZ 1001db2e f i libucrt:output.obj
 0001:0001cb46       ??$count@_W@formatting_buffer@__crt_stdio_output@@QBEIXZ 1001db46 f i libucrt:output.obj
 0001:0001cb5f       ??$data@D@formatting_buffer@__crt_stdio_output@@QAEPADXZ 1001db5f f i libucrt:output.obj
 0001:0001cb6c       ??$data@_W@formatting_buffer@__crt_stdio_output@@QAEPA_WXZ 1001db6c f i libucrt:output.obj
 0001:0001cb79       ??$ensure_buffer_is_big_enough@D@formatting_buffer@__crt_stdio_output@@QAE_NI@Z 1001db79 f i libucrt:output.obj
 0001:0001cbf8       ??$ensure_buffer_is_big_enough@_W@formatting_buffer@__crt_stdio_output@@QAE_NI@Z 1001dbf8 f i libucrt:output.obj
 0001:0001cc78       ??$extract_argument_from_va_list@C_J@?$positional_parameter_base@DV?$stream_output_adapter@D@__crt_stdio_output@@@__crt_stdio_output@@IAE_NAA_J@Z 1001dc78 f i libucrt:output.obj
 0001:0001ccf1       ??$extract_argument_from_va_list@C_J@?$positional_parameter_base@DV?$string_output_adapter@D@__crt_stdio_output@@@__crt_stdio_output@@IAE_NAA_J@Z 1001dcf1 f i libucrt:output.obj
 0001:0001cd6a       ??$extract_argument_from_va_list@C_J@?$positional_parameter_base@_WV?$stream_output_adapter@_W@__crt_stdio_output@@@__crt_stdio_output@@IAE_NAA_J@Z 1001dd6a f i libucrt:output.obj
 0001:0001cde3       ??$extract_argument_from_va_list@C_J@?$positional_parameter_base@_WV?$string_output_adapter@_W@__crt_stdio_output@@@__crt_stdio_output@@IAE_NAA_J@Z 1001dde3 f i libucrt:output.obj
 0001:0001ce5c       ??$extract_argument_from_va_list@C_J@?$standard_base@DV?$stream_output_adapter@D@__crt_stdio_output@@@__crt_stdio_output@@IAE_NAA_J@Z 1001de5c f i libucrt:output.obj
 0001:0001ce7b       ??$extract_argument_from_va_list@C_J@?$standard_base@DV?$string_output_adapter@D@__crt_stdio_output@@@__crt_stdio_output@@IAE_NAA_J@Z 1001de7b f i libucrt:output.obj
 0001:0001ce9a       ??$extract_argument_from_va_list@C_J@?$standard_base@_WV?$stream_output_adapter@_W@__crt_stdio_output@@@__crt_stdio_output@@IAE_NAA_J@Z 1001de9a f i libucrt:output.obj
 0001:0001ceb9       ??$extract_argument_from_va_list@C_J@?$standard_base@_WV?$string_output_adapter@_W@__crt_stdio_output@@@__crt_stdio_output@@IAE_NAA_J@Z 1001deb9 f i libucrt:output.obj
 0001:0001ced8       ??$extract_argument_from_va_list@E_J@?$positional_parameter_base@DV?$stream_output_adapter@D@__crt_stdio_output@@@__crt_stdio_output@@IAE_NAA_J@Z 1001ded8 f i libucrt:output.obj
 0001:0001cf51       ??$extract_argument_from_va_list@E_J@?$positional_parameter_base@DV?$string_output_adapter@D@__crt_stdio_output@@@__crt_stdio_output@@IAE_NAA_J@Z 1001df51 f i libucrt:output.obj
 0001:0001cfca       ??$extract_argument_from_va_list@E_J@?$positional_parameter_base@_WV?$stream_output_adapter@_W@__crt_stdio_output@@@__crt_stdio_output@@IAE_NAA_J@Z 1001dfca f i libucrt:output.obj
 0001:0001d043       ??$extract_argument_from_va_list@E_J@?$positional_parameter_base@_WV?$string_output_adapter@_W@__crt_stdio_output@@@__crt_stdio_output@@IAE_NAA_J@Z 1001e043 f i libucrt:output.obj
 0001:0001d0bc       ??$extract_argument_from_va_list@E_J@?$standard_base@DV?$stream_output_adapter@D@__crt_stdio_output@@@__crt_stdio_output@@IAE_NAA_J@Z 1001e0bc f i libucrt:output.obj
 0001:0001d0db       ??$extract_argument_from_va_list@E_J@?$standard_base@DV?$string_output_adapter@D@__crt_stdio_output@@@__crt_stdio_output@@IAE_NAA_J@Z 1001e0db f i libucrt:output.obj
 0001:0001d0fa       ??$extract_argument_from_va_list@E_J@?$standard_base@_WV?$stream_output_adapter@_W@__crt_stdio_output@@@__crt_stdio_output@@IAE_NAA_J@Z 1001e0fa f i libucrt:output.obj
 0001:0001d119       ??$extract_argument_from_va_list@E_J@?$standard_base@_WV?$string_output_adapter@_W@__crt_stdio_output@@@__crt_stdio_output@@IAE_NAA_J@Z 1001e119 f i libucrt:output.obj
 0001:0001d138       ??$extract_argument_from_va_list@F_J@?$positional_parameter_base@DV?$stream_output_adapter@D@__crt_stdio_output@@@__crt_stdio_output@@IAE_NAA_J@Z 1001e138 f i libucrt:output.obj
 0001:0001d1b1       ??$extract_argument_from_va_list@F_J@?$positional_parameter_base@DV?$string_output_adapter@D@__crt_stdio_output@@@__crt_stdio_output@@IAE_NAA_J@Z 1001e1b1 f i libucrt:output.obj
 0001:0001d22a       ??$extract_argument_from_va_list@F_J@?$positional_parameter_base@_WV?$stream_output_adapter@_W@__crt_stdio_output@@@__crt_stdio_output@@IAE_NAA_J@Z 1001e22a f i libucrt:output.obj
 0001:0001d2a3       ??$extract_argument_from_va_list@F_J@?$positional_parameter_base@_WV?$string_output_adapter@_W@__crt_stdio_output@@@__crt_stdio_output@@IAE_NAA_J@Z 1001e2a3 f i libucrt:output.obj
 0001:0001d31c       ??$extract_argument_from_va_list@F_J@?$standard_base@DV?$stream_output_adapter@D@__crt_stdio_output@@@__crt_stdio_output@@IAE_NAA_J@Z 1001e31c f i libucrt:output.obj
 0001:0001d33b       ??$extract_argument_from_va_list@F_J@?$standard_base@DV?$string_output_adapter@D@__crt_stdio_output@@@__crt_stdio_output@@IAE_NAA_J@Z 1001e33b f i libucrt:output.obj
 0001:0001d35a       ??$extract_argument_from_va_list@F_J@?$standard_base@_WV?$stream_output_adapter@_W@__crt_stdio_output@@@__crt_stdio_output@@IAE_NAA_J@Z 1001e35a f i libucrt:output.obj
 0001:0001d379       ??$extract_argument_from_va_list@F_J@?$standard_base@_WV?$string_output_adapter@_W@__crt_stdio_output@@@__crt_stdio_output@@IAE_NAA_J@Z 1001e379 f i libucrt:output.obj
 0001:0001d398       ??$extract_argument_from_va_list@GD@?$positional_parameter_base@DV?$stream_output_adapter@D@__crt_stdio_output@@@__crt_stdio_output@@IAE_NAAD@Z 1001e398 f i libucrt:output.obj
 0001:0001d410       ??$extract_argument_from_va_list@GD@?$positional_parameter_base@DV?$string_output_adapter@D@__crt_stdio_output@@@__crt_stdio_output@@IAE_NAAD@Z 1001e410 f i libucrt:output.obj
 0001:0001d488       ??$extract_argument_from_va_list@GD@?$standard_base@DV?$stream_output_adapter@D@__crt_stdio_output@@@__crt_stdio_output@@IAE_NAAD@Z 1001e488 f i libucrt:output.obj
 0001:0001d4a2       ??$extract_argument_from_va_list@GD@?$standard_base@DV?$string_output_adapter@D@__crt_stdio_output@@@__crt_stdio_output@@IAE_NAAD@Z 1001e4a2 f i libucrt:output.obj
 0001:0001d4bc       ??$extract_argument_from_va_list@G_J@?$positional_parameter_base@DV?$stream_output_adapter@D@__crt_stdio_output@@@__crt_stdio_output@@IAE_NAA_J@Z 1001e4bc f i libucrt:output.obj
 0001:0001d535       ??$extract_argument_from_va_list@G_J@?$positional_parameter_base@DV?$string_output_adapter@D@__crt_stdio_output@@@__crt_stdio_output@@IAE_NAA_J@Z 1001e535 f i libucrt:output.obj
 0001:0001d5ae       ??$extract_argument_from_va_list@G_J@?$positional_parameter_base@_WV?$stream_output_adapter@_W@__crt_stdio_output@@@__crt_stdio_output@@IAE_NAA_J@Z 1001e5ae f i libucrt:output.obj
 0001:0001d627       ??$extract_argument_from_va_list@G_J@?$positional_parameter_base@_WV?$string_output_adapter@_W@__crt_stdio_output@@@__crt_stdio_output@@IAE_NAA_J@Z 1001e627 f i libucrt:output.obj
 0001:0001d6a0       ??$extract_argument_from_va_list@G_J@?$standard_base@DV?$stream_output_adapter@D@__crt_stdio_output@@@__crt_stdio_output@@IAE_NAA_J@Z 1001e6a0 f i libucrt:output.obj
 0001:0001d6bf       ??$extract_argument_from_va_list@G_J@?$standard_base@DV?$string_output_adapter@D@__crt_stdio_output@@@__crt_stdio_output@@IAE_NAA_J@Z 1001e6bf f i libucrt:output.obj
 0001:0001d6de       ??$extract_argument_from_va_list@G_J@?$standard_base@_WV?$stream_output_adapter@_W@__crt_stdio_output@@@__crt_stdio_output@@IAE_NAA_J@Z 1001e6de f i libucrt:output.obj
 0001:0001d6fd       ??$extract_argument_from_va_list@G_J@?$standard_base@_WV?$string_output_adapter@_W@__crt_stdio_output@@@__crt_stdio_output@@IAE_NAA_J@Z 1001e6fd f i libucrt:output.obj
 0001:0001d71c       ??$extract_argument_from_va_list@H_J@?$positional_parameter_base@DV?$stream_output_adapter@D@__crt_stdio_output@@@__crt_stdio_output@@IAE_NAA_J@Z 1001e71c f i libucrt:output.obj
 0001:0001d793       ??$extract_argument_from_va_list@H_J@?$positional_parameter_base@DV?$string_output_adapter@D@__crt_stdio_output@@@__crt_stdio_output@@IAE_NAA_J@Z 1001e793 f i libucrt:output.obj
 0001:0001d80a       ??$extract_argument_from_va_list@H_J@?$positional_parameter_base@_WV?$stream_output_adapter@_W@__crt_stdio_output@@@__crt_stdio_output@@IAE_NAA_J@Z 1001e80a f i libucrt:output.obj
 0001:0001d881       ??$extract_argument_from_va_list@H_J@?$positional_parameter_base@_WV?$string_output_adapter@_W@__crt_stdio_output@@@__crt_stdio_output@@IAE_NAA_J@Z 1001e881 f i libucrt:output.obj
 0001:0001d8f8       ??$extract_argument_from_va_list@H_J@?$standard_base@DV?$stream_output_adapter@D@__crt_stdio_output@@@__crt_stdio_output@@IAE_NAA_J@Z 1001e8f8 f i libucrt:output.obj
 0001:0001d916       ??$extract_argument_from_va_list@H_J@?$standard_base@DV?$string_output_adapter@D@__crt_stdio_output@@@__crt_stdio_output@@IAE_NAA_J@Z 1001e916 f i libucrt:output.obj
 0001:0001d934       ??$extract_argument_from_va_list@H_J@?$standard_base@_WV?$stream_output_adapter@_W@__crt_stdio_output@@@__crt_stdio_output@@IAE_NAA_J@Z 1001e934 f i libucrt:output.obj
 0001:0001d952       ??$extract_argument_from_va_list@H_J@?$standard_base@_WV?$string_output_adapter@_W@__crt_stdio_output@@@__crt_stdio_output@@IAE_NAA_J@Z 1001e952 f i libucrt:output.obj
 0001:0001d970       ??$extract_argument_from_va_list@I_J@?$positional_parameter_base@DV?$stream_output_adapter@D@__crt_stdio_output@@@__crt_stdio_output@@IAE_NAA_J@Z 1001e970 f i libucrt:output.obj
 0001:0001d9f0       ??$extract_argument_from_va_list@I_J@?$positional_parameter_base@DV?$string_output_adapter@D@__crt_stdio_output@@@__crt_stdio_output@@IAE_NAA_J@Z 1001e9f0 f i libucrt:output.obj
 0001:0001da70       ??$extract_argument_from_va_list@I_J@?$positional_parameter_base@_WV?$stream_output_adapter@_W@__crt_stdio_output@@@__crt_stdio_output@@IAE_NAA_J@Z 1001ea70 f i libucrt:output.obj
 0001:0001daf0       ??$extract_argument_from_va_list@I_J@?$positional_parameter_base@_WV?$string_output_adapter@_W@__crt_stdio_output@@@__crt_stdio_output@@IAE_NAA_J@Z 1001eaf0 f i libucrt:output.obj
 0001:0001db70       ??$extract_argument_from_va_list@I_J@?$standard_base@DV?$stream_output_adapter@D@__crt_stdio_output@@@__crt_stdio_output@@IAE_NAA_J@Z 1001eb70 f i libucrt:output.obj
 0001:0001db8e       ??$extract_argument_from_va_list@I_J@?$standard_base@DV?$string_output_adapter@D@__crt_stdio_output@@@__crt_stdio_output@@IAE_NAA_J@Z 1001eb8e f i libucrt:output.obj
 0001:0001dbac       ??$extract_argument_from_va_list@I_J@?$standard_base@_WV?$stream_output_adapter@_W@__crt_stdio_output@@@__crt_stdio_output@@IAE_NAA_J@Z 1001ebac f i libucrt:output.obj
 0001:0001dbca       ??$extract_argument_from_va_list@I_J@?$standard_base@_WV?$string_output_adapter@_W@__crt_stdio_output@@@__crt_stdio_output@@IAE_NAA_J@Z 1001ebca f i libucrt:output.obj
 0001:0001dbe8       ??$extract_argument_from_va_list@PADPAD@?$positional_parameter_base@DV?$stream_output_adapter@D@__crt_stdio_output@@@__crt_stdio_output@@IAE_NAAPAD@Z 1001ebe8 f i libucrt:output.obj
 0001:0001dc60       ??$extract_argument_from_va_list@PADPAD@?$positional_parameter_base@DV?$string_output_adapter@D@__crt_stdio_output@@@__crt_stdio_output@@IAE_NAAPAD@Z 1001ec60 f i libucrt:output.obj
 0001:0001dcd8       ??$extract_argument_from_va_list@PADPAD@?$positional_parameter_base@_WV?$stream_output_adapter@_W@__crt_stdio_output@@@__crt_stdio_output@@IAE_NAAPAD@Z 1001ecd8 f i libucrt:output.obj
 0001:0001dd50       ??$extract_argument_from_va_list@PADPAD@?$positional_parameter_base@_WV?$string_output_adapter@_W@__crt_stdio_output@@@__crt_stdio_output@@IAE_NAAPAD@Z 1001ed50 f i libucrt:output.obj
 0001:0001ddc8       ??$extract_argument_from_va_list@PADPAD@?$standard_base@DV?$stream_output_adapter@D@__crt_stdio_output@@@__crt_stdio_output@@IAE_NAAPAD@Z 1001edc8 f i libucrt:output.obj
 0001:0001dde2       ??$extract_argument_from_va_list@PADPAD@?$standard_base@DV?$string_output_adapter@D@__crt_stdio_output@@@__crt_stdio_output@@IAE_NAAPAD@Z 1001ede2 f i libucrt:output.obj
 0001:0001ddfc       ??$extract_argument_from_va_list@PADPAD@?$standard_base@_WV?$stream_output_adapter@_W@__crt_stdio_output@@@__crt_stdio_output@@IAE_NAAPAD@Z 1001edfc f i libucrt:output.obj
 0001:0001de16       ??$extract_argument_from_va_list@PADPAD@?$standard_base@_WV?$string_output_adapter@_W@__crt_stdio_output@@@__crt_stdio_output@@IAE_NAAPAD@Z 1001ee16 f i libucrt:output.obj
 0001:0001e148       ??$extract_argument_from_va_list@PAXPAX@?$positional_parameter_base@DV?$stream_output_adapter@D@__crt_stdio_output@@@__crt_stdio_output@@IAE_NAAPAX@Z 1001f148 f i libucrt:output.obj
 0001:0001e1c0       ??$extract_argument_from_va_list@PAXPAX@?$positional_parameter_base@DV?$string_output_adapter@D@__crt_stdio_output@@@__crt_stdio_output@@IAE_NAAPAX@Z 1001f1c0 f i libucrt:output.obj
 0001:0001e238       ??$extract_argument_from_va_list@PAXPAX@?$positional_parameter_base@_WV?$stream_output_adapter@_W@__crt_stdio_output@@@__crt_stdio_output@@IAE_NAAPAX@Z 1001f238 f i libucrt:output.obj
 0001:0001e2b0       ??$extract_argument_from_va_list@PAXPAX@?$positional_parameter_base@_WV?$string_output_adapter@_W@__crt_stdio_output@@@__crt_stdio_output@@IAE_NAAPAX@Z 1001f2b0 f i libucrt:output.obj
 0001:0001e328       ??$extract_argument_from_va_list@PAXPAX@?$standard_base@DV?$stream_output_adapter@D@__crt_stdio_output@@@__crt_stdio_output@@IAE_NAAPAX@Z 1001f328 f i libucrt:output.obj
 0001:0001e342       ??$extract_argument_from_va_list@PAXPAX@?$standard_base@DV?$string_output_adapter@D@__crt_stdio_output@@@__crt_stdio_output@@IAE_NAAPAX@Z 1001f342 f i libucrt:output.obj
 0001:0001e35c       ??$extract_argument_from_va_list@PAXPAX@?$standard_base@_WV?$stream_output_adapter@_W@__crt_stdio_output@@@__crt_stdio_output@@IAE_NAAPAX@Z 1001f35c f i libucrt:output.obj
 0001:0001e376       ??$extract_argument_from_va_list@PAXPAX@?$standard_base@_WV?$string_output_adapter@_W@__crt_stdio_output@@@__crt_stdio_output@@IAE_NAAPAX@Z 1001f376 f i libucrt:output.obj
 0001:0001e390       ??$extract_argument_from_va_list@U_CRT_DOUBLE@@U1@@?$positional_parameter_base@DV?$stream_output_adapter@D@__crt_stdio_output@@@__crt_stdio_output@@IAE_NAAU_CRT_DOUBLE@@@Z 1001f390 f i libucrt:output.obj
[...]
 0002:0000c6f0       __sehtable$??$?RV<lambda_2cc53f568c5a2bb6f192f930a45d44ea>@@AAV<lambda_ab61a845afdef5b7c387490eaf3616ee>@@V<lambda_c2ffc0b7726aa6be21d5f0026187e748>@@@?$__crt_seh_guarded_call@X@@QAEX$$QAV<lambda_2cc53f568c5a2bb6f192f930a45d44ea>@@AAV<lambda_ab61a845afdef5b7c387490eaf3616ee>@@$$QAV<lambda_c2ffc0b7726aa6be21d5f0026187e748>@@@Z 100606f0     libucrt:fflush.obj
 0002:0000c710       __sehtable$??$?RV<lambda_6d20deecaf4856105ebacbad442d1079>@@AAV<lambda_9a32fed5bf61b6b509b2d3f6003082a1>@@V<lambda_63ea2239ed67c638ddbae41947fdf875>@@@?$__crt_seh_guarded_call@H@@QAEH$$QAV<lambda_6d20deecaf4856105ebacbad442d1079>@@AAV<lambda_9a32fed5bf61b6b509b2d3f6003082a1>@@$$QAV<lambda_63ea2239ed67c638ddbae41947fdf875>@@@Z 10060710     libucrt:fflush.obj
 0002:0000c730       __sehtable$?update_thread_multibyte_data_internal@@YAPAU__crt_multibyte_data@@QAU__acrt_ptd@@QAPAU1@@Z 10060730     libucrt:mbctype.obj
 0002:0000c750       __sehtable$??$?RV<lambda_ceb1ee4838e85a9d631eb091e2fbe199>@@AAV<lambda_ae742caa10f662c28703da3d2ea5e57e>@@V<lambda_cd08b5d6af4937fe54fc07d0c9bf6b37>@@@?$__crt_seh_guarded_call@X@@QAEX$$QAV<lambda_ceb1ee4838e85a9d631eb091e2fbe199>@@AAV<lambda_ae742caa10f662c28703da3d2ea5e57e>@@$$QAV<lambda_cd08b5d6af4937fe54fc07d0c9bf6b37>@@@Z 10060750     libucrt:mbctype.obj
 0002:0000c770       __sehtable$__query_new_handler 10060770     libucrt:new_handler.obj
 0002:0000c790       __sehtable$__set_new_handler 10060790     libucrt:new_handler.obj
 0002:0000c7b0       __sehtable$_signal         100607b0     libucrt:signal.obj
 0002:0000c7d0       __sehtable$_raise          100607d0     libucrt:signal.obj
 0002:0000c7f0       __sehtable$?ctrlevent_capture@@YGHK@Z 100607f0     libucrt:signal.obj
 0002:0000c810       __sehtable$??$?RV<lambda_cbab9ec6f41b0180b23cc171c22676b0>@@AAV<lambda_44731a7d0e6d81c3e6aa82d741081786>@@V<lambda_4b292cb8dd18144e164572427af410ab>@@@?$__crt_seh_guarded_call@P6AXH@Z@@QAEP6AXH@Z$$QAV<lambda_cbab9ec6f41b0180b23cc171c22676b0>@@AAV<lambda_44731a7d0e6d81c3e6aa82d741081786>@@$$QAV<lambda_4b292cb8dd18144e164572427af410ab>@@@Z 10060810     libucrt:signal.obj
 0002:0000c830       __sehtable$___acrt_update_thread_locale_data 10060830     libucrt:locale_refcounting.obj
 0002:0000c850       __sehtable$__fcloseall     10060850     libucrt:closeall.obj
 0002:0000c870       __sehtable$??$?RV<lambda_9e9de3de5fa147e2223d7db92bc10aa6>@@AAV<lambda_38ce7e780aa69e748d6df282ebc68efe>@@V<lambda_8ca6da459f0f6780f1cff60fdc3d00e5>@@@?$__crt_seh_guarded_call@H@@QAEH$$QAV<lambda_9e9de3de5fa147e2223d7db92bc10aa6>@@AAV<lambda_38ce7e780aa69e748d6df282ebc68efe>@@$$QAV<lambda_8ca6da459f0f6780f1cff60fdc3d00e5>@@@Z 10060870     libucrt:commit.obj
 0002:0000c890       __sehtable$___set_fpsr_sse2 10060890     libucrt:fpctrl.obj
 0002:0000c8b0       __sehtable$__IsNonwritableInCurrentImage 100608b0     LIBCMT:pesect.obj
 0002:0000c8d0       .edata                     100608d0     zlibwapi.exp
 0002:0000c8f8       rgpv                       100608f8     zlibwapi.exp
 0002:0000cbb4       rgszName                   10060bb4     zlibwapi.exp
 0002:0000cdb8       rgwOrd                     10060db8     zlibwapi.exp
 0002:0000ceba       szName                     10060eba     zlibwapi.exp
 0002:0000cec7       $N00001                    10060ec7     zlibwapi.exp
 0002:0000cecf       $N00140                    10060ecf     zlibwapi.exp
 0002:0000cedf       $N00174                    10060edf     zlibwapi.exp
 0002:0000cee9       $N00039                    10060ee9     zlibwapi.exp
 0002:0000cef3       $N00002                    10060ef3     zlibwapi.exp
 0002:0000cefc       $N00046                    10060efc     zlibwapi.exp
 0002:0000cf0a       $N00003                    10060f0a     zlibwapi.exp
 0002:0000cf10       $N00142                    10060f10     zlibwapi.exp
 0002:0000cf1e       $N00175                    10060f1e     zlibwapi.exp
 0002:0000cf26       $N00004                    10060f26     zlibwapi.exp
 0002:0000cf2e       $N00047                    10060f2e     zlibwapi.exp
 0002:0000cf3b       $N00005                    10060f3b     zlibwapi.exp
 0002:0000cf47       $N00006                    10060f47     zlibwapi.exp
 0002:0000cf52       $N00173                    10060f52     zlibwapi.exp
 0002:0000cf67       $N00007                    10060f67     zlibwapi.exp
 0002:0000cf75       $N00008                    10060f75     zlibwapi.exp
 0002:0000cf82       $N00009                    10060f82     zlibwapi.exp
 0002:0000cf90       $N00052                    10060f90     zlibwapi.exp
 0002:0000cf9f       $N00051                    10060f9f     zlibwapi.exp
 0002:0000cfac       $N00010                    10060fac     zlibwapi.exp
 0002:0000cfb9       $N00164                    10060fb9     zlibwapi.exp
 0002:0000cfca       $N00011                    10060fca     zlibwapi.exp
 0002:0000cfdf       $N00144                    10060fdf     zlibwapi.exp
 0002:0000cff0       $N00145                    10060ff0     zlibwapi.exp
 0002:0000cffc       $N00110                    10060ffc     zlibwapi.exp
 0002:0000d010       $N00111                    10061010     zlibwapi.exp
 0002:0000d026       $N00112                    10061026     zlibwapi.exp
 0002:0000d03d       $N00113                    1006103d     zlibwapi.exp
 0002:0000d054       $N00038                    10061054     zlibwapi.exp
 0002:0000d062       $N00146                    10061062     zlibwapi.exp
 0002:0000d06b       $N00048                    1006106b     zlibwapi.exp
 0002:0000d076       $N00012                    10061076     zlibwapi.exp
 0002:0000d07e       $N00147                    1006107e     zlibwapi.exp
 0002:0000d088       $N00148                    10061088     zlibwapi.exp
 0002:0000d092       $N00149                    10061092     zlibwapi.exp
 0002:0000d09b       $N00013                    1006109b     zlibwapi.exp
 0002:0000d0a3       $N00034                    100610a3     zlibwapi.exp
 0002:0000d0a9       $N00014                    100610a9     zlibwapi.exp
 0002:0000d0b1       $N00015                    100610b1     zlibwapi.exp
 0002:0000d0b9       $N00171                    100610b9     zlibwapi.exp
 0002:0000d0c1       $N00172                    100610c1     zlibwapi.exp
 0002:0000d0ca       $N00030                    100610ca     zlibwapi.exp
 0002:0000d0d1       $N00161                    100610d1     zlibwapi.exp
 0002:0000d0d9       $N00041                    100610d9     zlibwapi.exp
 0002:0000d0e0       $N00150                    100610e0     zlibwapi.exp
 0002:0000d0e9       $N00016                    100610e9     zlibwapi.exp
 0002:0000d0f0       $N00165                    100610f0     zlibwapi.exp
 0002:0000d0f9       $N00028                    100610f9     zlibwapi.exp
 0002:0000d102       $N00029                    10061102     zlibwapi.exp
 0002:0000d109       $N00040                    10061109     zlibwapi.exp
 0002:0000d110       $N00017                    10061110     zlibwapi.exp
 0002:0000d117       $N00032                    10061117     zlibwapi.exp
 0002:0000d120       $N00031                    10061120     zlibwapi.exp
 0002:0000d127       $N00035                    10061127     zlibwapi.exp
 0002:0000d133       $N00033                    10061133     zlibwapi.exp
 0002:0000d13a       $N00049                    1006113a     zlibwapi.exp
 0002:0000d143       $N00167                    10061143     zlibwapi.exp
 0002:0000d14d       $N00018                    1006114d     zlibwapi.exp
 0002:0000d155       $N00019                    10061155     zlibwapi.exp
 0002:0000d15d       $N00044                    1006115d     zlibwapi.exp
 0002:0000d169       $N00045                    10061169     zlibwapi.exp
 0002:0000d178       $N00043                    10061178     zlibwapi.exp
 0002:0000d189       $N00168                    10061189     zlibwapi.exp
 0002:0000d19a       $N00042                    1006119a     zlibwapi.exp
 0002:0000d1a6       $N00020                    100611a6     zlibwapi.exp
 0002:0000d1b1       $N00166                    100611b1     zlibwapi.exp
 0002:0000d1c6       $N00156                    100611c6     zlibwapi.exp
 0002:0000d1d7       $N00021                    100611d7     zlibwapi.exp
 0002:0000d1e5       $N00022                    100611e5     zlibwapi.exp
 0002:0000d1f2       $N00157                    100611f2     zlibwapi.exp
 0002:0000d1fe       $N00158                    100611fe     zlibwapi.exp
 0002:0000d20b       $N00159                    1006120b     zlibwapi.exp
 0002:0000d219       $N00023                    10061219     zlibwapi.exp
 0002:0000d226       $N00163                    10061226     zlibwapi.exp
 0002:0000d237       $N00024                    10061237     zlibwapi.exp
 0002:0000d24c       $N00025                    1006124c     zlibwapi.exp
 0002:0000d258       $N00037                    10061258     zlibwapi.exp
 0002:0000d269       $N00160                    10061269     zlibwapi.exp
 0002:0000d27a       $N00169                    1006127a     zlibwapi.exp
 0002:0000d28a       $N00170                    1006128a     zlibwapi.exp
 0002:0000d296       $N00026                    10061296     zlibwapi.exp
 0002:0000d2a1       $N00062                    100612a1     zlibwapi.exp
 0002:0000d2aa       $N00072                    100612aa     zlibwapi.exp
 0002:0000d2be       $N00124                    100612be     zlibwapi.exp
 0002:0000d2d6       $N00064                    100612d6     zlibwapi.exp
 0002:0000d2ec       $N00125                    100612ec     zlibwapi.exp
 0002:0000d30a       $N00127                    1006130a     zlibwapi.exp
 0002:0000d31a       $N00100                    1006131a     zlibwapi.exp
 0002:0000d328       $N00073                    10061328     zlibwapi.exp
 0002:0000d33c       $N00122                    1006133c     zlibwapi.exp
 0002:0000d34f       $N00063                    1006134f     zlibwapi.exp
 0002:0000d360       $N00076                    10061360     zlibwapi.exp
 0002:0000d376       $N00128                    10061376     zlibwapi.exp
 0002:0000d387       $N00101                    10061387     zlibwapi.exp
 0002:0000d396       $N00065                    10061396     zlibwapi.exp
 0002:0000d3a7       $N00066                    100613a7     zlibwapi.exp
 0002:0000d3b7       $N00075                    100613b7     zlibwapi.exp
 0002:0000d3c5       $N00077                    100613c5     zlibwapi.exp
 0002:0000d3ce       $N00121                    100613ce     zlibwapi.exp
 0002:0000d3da       $N00120                    100613da     zlibwapi.exp
 0002:0000d3e4       $N00061                    100613e4     zlibwapi.exp
 0002:0000d3ec       $N00078                    100613ec     zlibwapi.exp
 0002:0000d400       $N00069                    10061400     zlibwapi.exp
 0002:0000d414       $N00067                    10061414     zlibwapi.exp
 0002:0000d427       $N00079                    10061427     zlibwapi.exp
 0002:0000d442       $N00068                    10061442     zlibwapi.exp
 0002:0000d455       $N00074                    10061455     zlibwapi.exp
 0002:0000d46e       $N00071                    1006146e     zlibwapi.exp
 0002:0000d475       $N00126                    10061475     zlibwapi.exp
 0002:0000d47f       $N00070                    1006147f     zlibwapi.exp
 0002:0000d487       $N00036                    10061487     zlibwapi.exp
 0002:0000d48e       $N00084                    1006148e     zlibwapi.exp
 0002:0000d497       $N00083                    10061497     zlibwapi.exp
 0002:0000d4a9       $N00136                    100614a9     zlibwapi.exp
 0002:0000d4c0       $N00087                    100614c0     zlibwapi.exp
 0002:0000d4d5       $N00088                    100614d5     zlibwapi.exp
 0002:0000d4de       $N00131                    100614de     zlibwapi.exp
 0002:0000d4ea       $N00130                    100614ea     zlibwapi.exp
 0002:0000d4f4       $N00080                    100614f4     zlibwapi.exp
 0002:0000d4fc       $N00086                    100614fc     zlibwapi.exp
 0002:0000d511       $N00133                    10061511     zlibwapi.exp
 0002:0000d529       $N00089                    10061529     zlibwapi.exp
 0002:0000d53e       $N00134                    1006153e     zlibwapi.exp
 0002:0000d556       $N00135                    10061556     zlibwapi.exp
 0002:0000d56e       $N00132                    1006156e     zlibwapi.exp
 0002:0000d584       $N00081                    10061584     zlibwapi.exp
 0002:0000d598       $N00082                    10061598     zlibwapi.exp
 0002:0000d5ac       $N00050                    100615ac     zlibwapi.exp
 0002:0000d5bd       $N00027                    100615bd     zlibwapi.exp
 0002:0000d7a8       .idata$6                   100617a8     kernel32:KERNEL32.dll
 0003:00000020       ?__vcrt_flsindex@@3KA      10062020     libvcruntime:per_thread_data.obj
 0003:00000140       ?errno_no_memory@@3HA      10062140     libucrt:errno.obj
 0003:00000144       ?doserrno_no_memory@@3KA   10062144     libucrt:errno.obj
 0003:00000190       ?__acrt_flsindex@@3KA      10062190     libucrt:per_thread_data.obj
 0003:00000194       __ctype_loc_style          10062194     libucrt:wsetlocale.obj
 0003:00000538       __mbctypes                 10062538     libucrt:mbctype.obj
 0003:00000640       __mbcasemaps               10062640     libucrt:mbctype.obj
 0003:00000740       ?__rgctypeflag@@3PADA      10062740     libucrt:mbctype.obj
 0003:00000748       ?__rgcode_page_info@@3PAUcode_page_info@@A 10062748     libucrt:mbctype.obj
 0003:0000089c       ?__dcrt_lowio_console_output_handle@@3PAXA 1006289c     libucrt:initcon.obj
 0003:000008a0       ?__DAZ_ENABLED@?1??__set_fpsr_sse2@@9@9 100628a0     libucrt:fpctrl.obj
 0003:000009d0       ?__proc_attached@@3HA      100629d0     LIBCMT:dll_dllmain.obj
 0003:000009f8       ?is_initialized_as_dll@@3_NA 100629f8     LIBCMT:utility.obj
 0003:000009f9       ?module_local_atexit_table_initialized@@3_NA 100629f9     LIBCMT:utility.obj
 0003:000009fc       ?module_local_atexit_table@@3U_onexit_table_t@@A 100629fc     LIBCMT:utility.obj
 0003:00000a08       ?module_local_at_quick_exit_table@@3U_onexit_table_t@@A 10062a08     LIBCMT:utility.obj
 0003:00000a20       _GS_ExceptionRecord        10062a20     LIBCMT:gs_report.obj
 0003:00000a70       _GS_ContextRecord          10062a70     LIBCMT:gs_report.obj
 0003:00000d64       ?heap@@3V_HeapManager@@A   10062d64     libvcruntime:undname.obj
 0003:00000d78       ?__vcrt_startup_thread_ptd@@3U__vcrt_ptd@@A 10062d78     libvcruntime:per_thread_data.obj
 0003:00000da0       ___vcrt_lock_table         10062da0     libvcruntime:locks.obj
 0003:00000db8       ___vcrt_locks_initialized  10062db8     libvcruntime:locks.obj
 0003:00000dbc       ?module_handles@@3PAPAUHINSTANCE__@@A 10062dbc     libvcruntime:winapi_downlevel.obj
 0003:00000dc8       ?encoded_function_pointers@@3PAPAXA 10062dc8     libvcruntime:winapi_downlevel.obj
 0003:00000de4       ?c_termination_complete@@3JA 10062de4     libucrt:exit.obj
 0003:00000de8       ?thread_local_exit_callback_func@@3P6GXPAXK0@ZA 10062de8     libucrt:exit.obj
 0003:00000df0       ?program_name@?1???$common_configure_argv@D@@YAHW4_crt_argv_mode@@@Z@4PADA 10062df0     libucrt:argv_parsing.obj
 0003:00000ef8       ?program_name@?1???$common_configure_argv@_W@@YAHW4_crt_argv_mode@@@Z@4PA_WA 10062ef8     libucrt:argv_parsing.obj
 0003:0000112c       ?__acrt_invalid_parameter_handler@@3V?$dual_state_global@P6AXPB_W00II@Z@__crt_state_management@@A 1006312c     libucrt:invalid_parameter.obj
 0003:00001338       ?module_handles@@3PAPAUHINSTANCE__@@A 10063338     libucrt:winapi_thunks.obj
 0003:00001388       ?encoded_function_pointers@@3PAPAXA 10063388     libucrt:winapi_thunks.obj
 0003:00001410       ?static_enum_proc@?1??enum_system_locales_ex_nolock@@YAHQ6GHPA_WKJ@Z@Z@4P6GH0KJ@ZA 10063410     libucrt:winapi_thunks.obj
 0003:00001420       ?local_state@?6??_wcrtomb_s_l@@YAHQAHQADI_WQAU_Mbstatet@@QAU__crt_locale_pointers@@@Z@4U2@A 10063420     libucrt:wcrtomb.obj
 0003:00001428       ?internal_state@?1??_mbtowc_l@@9@4U_Mbstatet@@A 10063428     libucrt:mbtowc.obj
 0003:0000143c       ?enable_percent_n@@3IA     1006343c     libucrt:printf_count_output.obj
 0003:00001448       ?mbst@?1??mbrlen@@9@4U_Mbstatet@@A 10063448     libucrt:mbrtowc.obj
 0003:00001450       ?mbst@?1??mbrtowc@@9@4U_Mbstatet@@A 10063450     libucrt:mbrtowc.obj
 0003:00001458       ?mbst@?1??_mbsrtowcs_helper@@YAIPA_WPAPBDIPAU_Mbstatet@@@Z@4U2@A 10063458     libucrt:mbrtowc.obj
 0003:00001460       ?__acrt_lock_table@@3PAU_RTL_CRITICAL_SECTION@@A 10063460     libucrt:locks.obj
 0003:000015b0       ?__acrt_locks_initialized@@3IA 100635b0     libucrt:locks.obj
 0003:000015b4       ?state_cache@?1???$get_cached_win_policy@Ubegin_thread_init_policy_properties@?1??__acrt_get_begin_thread_init_policy@@YA?AW4begin_thread_init_policy@@XZ@@@YA?AW4begin_thread_init_policy@@W4AppPolicyThreadInitializationType@@@Z@4JA 100635b4     libucrt:win_policies.obj
 0003:000015b8       ?state_cache@?1???$get_cached_win_policy@Udeveloper_information_policy_properties@?1??__acrt_get_developer_information_policy@@YA?AW4developer_information_policy@@XZ@@@YA?AW4developer_information_policy@@W4AppPolicyShowDeveloperDiagnostic@@@Z@4JA 100635b8     libucrt:win_policies.obj
 0003:000015bc       ?state_cache@?1???$get_cached_win_policy@Uwindowing_model_policy_properties@?1??__acrt_get_windowing_model_policy@@YA?AW4windowing_model_policy@@XZ@@@YA?AW4windowing_model_policy@@W4AppPolicyWindowingModel@@@Z@4JA 100635bc     libucrt:win_policies.obj
 0003:000015cc       ?fSystemSet@@3HA           100635cc     libucrt:mbctype.obj
 0003:000015d0       ?initialized@?1??__acrt_initialize_multibyte@@9@4_NA 100635d0     libucrt:mbctype.obj
 0003:000015f4       ?__acrt_new_handler@@3V?$dual_state_global@P6AHI@Z@__crt_state_management@@A 100635f4     libucrt:new_handler.obj
 0003:000015f8       ?console_ctrl_handler_installed@@3_NA 100635f8     libucrt:signal.obj
 0003:000015fc       ?ctrlc_action@@3V?$dual_state_global@P6AXH@Z@__crt_state_management@@A 100635fc     libucrt:signal.obj
 0003:00001600       ?ctrlbreak_action@@3V?$dual_state_global@P6AXH@Z@__crt_state_management@@A 10063600     libucrt:signal.obj
 0003:00001604       ?abort_action@@3V?$dual_state_global@P6AXH@Z@__crt_state_management@@A 10063604     libucrt:signal.obj
 0003:00001608       ?term_action@@3V?$dual_state_global@P6AXH@Z@__crt_state_management@@A 10063608     libucrt:signal.obj
 0003:0000160c       ?user_matherr@@3V?$dual_state_global@P6AHPAU_exception@@@Z@__crt_state_management@@A 1006360c     libucrt:matherr.obj
 0003:00001610       ?__acrt_app_type@@3W4_crt_app_type@@A 10063610     libucrt:report_runtime_error.obj
 0003:00001618       ?outmsg@?9??__acrt_report_runtime_error@@9@4PA_WA 10063618     libucrt:report_runtime_error.obj
 0003:00001c40       ?__acrt_global_new_mode@@3V?$dual_state_global@J@__crt_state_management@@A 10063c40     libucrt:new_mode.obj
 0003:00001c50       ?internal_pst@?1??__c16rtomb_utf8@__crt_mbstring@@YAIPAD_SPAU_Mbstatet@@@Z@4U3@A 10063c50     libucrt:c16rtomb.obj
 0003:00001c58       ?internal_pst@?1??__mbrtoc32_utf8@__crt_mbstring@@YAIPA_UPBDIPAU_Mbstatet@@@Z@4U3@A 10063c58     libucrt:mbrtoc32.obj
 0003:00001c64       ___acrt_error_mode         10063c64     libucrt:set_error_mode.obj
 0003:00001c6c       __pmatherr_set             10063c6c     libucrt:libm_error.obj
 0003:00001c70       ?calls@?1??crypthead@@9@9  10063c70     zip.obj
 0004:00000060       $R000000                   10064060     zlib.res
